 
****************************************
Report : area
Design : vending_top
Version: X-2025.06-SP2
Date   : Fri Jul  3 11:19:16 2026
****************************************

Information: Updating design information... (UID-85)
Library(s) Used:

    saed32rvt_tt1p05v25c (File: /home/luciano.oliveira/grupo_NN_vending/libs/saed32rvt_tt1p05v25c.db)

Number of ports:                          134
Number of nets:                           464
Number of cells:                          343
Number of combinational cells:            252
Number of sequential cells:                80
Number of macros/black boxes:               0
Number of buf/inv:                         50
Number of references:                      15

Combinational area:                600.542277
Buf/Inv area:                       65.060864
Noncombinational area:             529.127825
Macro/Black Box area:                0.000000
Net Interconnect area:             215.941254

Total cell area:                  1129.670102
Total area:                       1345.611355
1
