 
****************************************
Report : constraint
        -all_violators
Design : vending_top
Version: X-2025.06-SP2
Date   : Fri Jul  3 11:25:08 2026
****************************************


   min_delay/hold ('clk' group)

                             Required        Actual
   Endpoint                 Path Delay     Path Delay        Slack
   -----------------------------------------------------------------
   u_memory/mem_reg[0][9]/D     0.49           0.13 f        -0.37  (VIOLATED)
   u_memory/mem_reg[0][14]/D
                                0.49           0.13 f        -0.37  (VIOLATED)
   u_memory/mem_reg[2][12]/D
                                0.49           0.13 f        -0.37  (VIOLATED)
   u_control_unit/state_reg[1]/SETB
                                0.52           0.16 f        -0.37  (VIOLATED)
   u_credit_reg/credit_reg[0]/D
                                0.49           0.13 f        -0.36  (VIOLATED)
   u_memory/mem_reg[2][10]/D
                                0.49           0.13 f        -0.36  (VIOLATED)
   u_memory/mem_reg[2][13]/D
                                0.49           0.13 f        -0.36  (VIOLATED)
   u_memory/mem_reg[2][15]/D
                                0.49           0.13 f        -0.36  (VIOLATED)
   u_memory/mem_reg[0][10]/D
                                0.49           0.13 f        -0.36  (VIOLATED)
   u_memory/mem_reg[0][13]/D
                                0.49           0.13 f        -0.36  (VIOLATED)
   u_memory/mem_reg[0][15]/D
                                0.49           0.13 f        -0.36  (VIOLATED)
   u_memory/mem_reg[1][8]/D     0.49           0.13 f        -0.36  (VIOLATED)
   u_memory/mem_reg[1][10]/D
                                0.49           0.13 f        -0.36  (VIOLATED)
   u_memory/mem_reg[1][11]/D
                                0.49           0.13 f        -0.36  (VIOLATED)
   u_memory/mem_reg[1][14]/D
                                0.49           0.13 f        -0.36  (VIOLATED)
   u_memory/mem_reg[1][15]/D
                                0.49           0.13 f        -0.36  (VIOLATED)
   u_memory/mem_reg[3][8]/D     0.49           0.13 f        -0.36  (VIOLATED)
   u_memory/mem_reg[3][11]/D
                                0.49           0.13 f        -0.36  (VIOLATED)
   u_memory/mem_reg[0][0]/D     0.49           0.13 f        -0.36  (VIOLATED)
   u_memory/mem_reg[1][0]/D     0.49           0.13 f        -0.36  (VIOLATED)
   u_memory/mem_reg[2][0]/D     0.49           0.13 f        -0.36  (VIOLATED)
   u_memory/mem_reg[3][9]/D     0.49           0.13 f        -0.36  (VIOLATED)
   u_memory/mem_reg[3][12]/D
                                0.49           0.13 f        -0.36  (VIOLATED)
   u_memory/mem_reg[3][15]/D
                                0.49           0.13 f        -0.36  (VIOLATED)
   change_out_reg[0]/D          0.49           0.13 f        -0.36  (VIOLATED)
   display_reg[0]/D             0.49           0.14 f        -0.36  (VIOLATED)
   u_memory/price_reg[4]/D      0.49           0.14 f        -0.36  (VIOLATED)
   u_memory/price_reg[5]/D      0.49           0.14 f        -0.36  (VIOLATED)
   u_memory/stock_reg[0]/D      0.49           0.14 f        -0.36  (VIOLATED)
   u_memory/stock_reg[1]/D      0.49           0.14 f        -0.36  (VIOLATED)
   u_memory/stock_reg[2]/D      0.49           0.14 f        -0.36  (VIOLATED)
   u_memory/stock_reg[3]/D      0.49           0.14 f        -0.36  (VIOLATED)
   u_memory/stock_reg[4]/D      0.49           0.14 f        -0.36  (VIOLATED)
   u_memory/price_reg[6]/D      0.49           0.14 f        -0.36  (VIOLATED)
   u_memory/price_reg[3]/D      0.49           0.14 f        -0.36  (VIOLATED)
   u_memory/price_reg[2]/D      0.49           0.14 f        -0.36  (VIOLATED)
   u_memory/price_reg[7]/D      0.49           0.14 f        -0.36  (VIOLATED)
   u_memory/mem_reg[2][2]/D     0.49           0.14 f        -0.35  (VIOLATED)
   u_memory/mem_reg[2][3]/D     0.49           0.14 f        -0.35  (VIOLATED)
   u_memory/mem_reg[2][4]/D     0.49           0.14 f        -0.35  (VIOLATED)
   u_memory/mem_reg[1][1]/D     0.49           0.14 f        -0.35  (VIOLATED)
   u_memory/mem_reg[1][3]/D     0.49           0.14 f        -0.35  (VIOLATED)
   u_memory/mem_reg[1][4]/D     0.49           0.14 f        -0.35  (VIOLATED)
   u_memory/mem_reg[0][1]/D     0.49           0.14 f        -0.35  (VIOLATED)
   u_memory/mem_reg[0][3]/D     0.49           0.14 f        -0.35  (VIOLATED)
   u_memory/mem_reg[0][4]/D     0.49           0.14 f        -0.35  (VIOLATED)
   u_memory/mem_reg[3][2]/D     0.49           0.14 f        -0.35  (VIOLATED)
   u_memory/mem_reg[3][3]/D     0.49           0.14 f        -0.35  (VIOLATED)
   u_memory/mem_reg[3][4]/D     0.49           0.14 f        -0.35  (VIOLATED)
   u_memory/mem_reg[3][0]/D     0.49           0.14 f        -0.35  (VIOLATED)
   u_memory/price_reg[0]/D      0.49           0.14 f        -0.35  (VIOLATED)
   change_out_reg[2]/D          0.49           0.14 f        -0.35  (VIOLATED)
   display_reg[7]/D             0.49           0.14 r        -0.35  (VIOLATED)
   display_reg[2]/D             0.49           0.14 r        -0.34  (VIOLATED)
   u_memory/price_reg[1]/D      0.49           0.15 f        -0.34  (VIOLATED)
   u_credit_reg/credit_reg[2]/D
                                0.49           0.15 f        -0.34  (VIOLATED)
   u_memory/mem_reg[3][1]/D     0.49           0.15 f        -0.34  (VIOLATED)
   u_memory/mem_reg[2][1]/D     0.49           0.15 f        -0.34  (VIOLATED)
   u_memory/mem_reg[1][2]/D     0.49           0.15 f        -0.34  (VIOLATED)
   u_memory/mem_reg[0][2]/D     0.49           0.15 f        -0.34  (VIOLATED)
   change_out_reg[7]/D          0.49           0.15 f        -0.34  (VIOLATED)
   change_out_reg[5]/D          0.49           0.15 f        -0.34  (VIOLATED)
   change_out_reg[4]/D          0.49           0.15 f        -0.34  (VIOLATED)
   change_out_reg[3]/D          0.49           0.15 f        -0.34  (VIOLATED)
   change_out_reg[6]/D          0.49           0.15 f        -0.34  (VIOLATED)
   display_reg[3]/D             0.49           0.14 r        -0.34  (VIOLATED)
   display_reg[6]/D             0.49           0.14 r        -0.34  (VIOLATED)
   display_reg[1]/D             0.49           0.15 r        -0.34  (VIOLATED)
   u_credit_reg/credit_reg[1]/D
                                0.49           0.16 f        -0.34  (VIOLATED)
   display_reg[5]/D             0.49           0.15 r        -0.34  (VIOLATED)
   u_credit_reg/credit_reg[3]/D
                                0.49           0.16 f        -0.34  (VIOLATED)
   u_credit_reg/credit_reg[6]/D
                                0.49           0.16 f        -0.34  (VIOLATED)
   u_control_unit/check_valid_reg/D
                                0.49           0.16 f        -0.33  (VIOLATED)
   u_control_unit/state_reg[0]/D
                                0.49           0.16 f        -0.33  (VIOLATED)
   display_reg[4]/D             0.49           0.15 r        -0.33  (VIOLATED)
   u_credit_reg/credit_reg[7]/D
                                0.49           0.16 f        -0.33  (VIOLATED)
   u_credit_reg/credit_reg[5]/D
                                0.49           0.16 f        -0.33  (VIOLATED)
   change_out_reg[1]/D          0.49           0.17 f        -0.33  (VIOLATED)
   u_credit_reg/credit_reg[4]/D
                                0.49           0.17 f        -0.33  (VIOLATED)
   u_control_unit/state_reg[2]/D
                                0.49           0.18 f        -0.31  (VIOLATED)
   u_control_unit/state_reg[1]/RSTB
                                0.46           0.19 r        -0.27  (VIOLATED)


1
