 
****************************************
Report : timing
        -path full
        -delay max
        -max_paths 10
Design : vending_top
Version: X-2025.06-SP2
Date   : Fri Jul  3 11:19:16 2026
****************************************

Operating Conditions: tt1p05v25c   Library: saed32rvt_tt1p05v25c
Wire Load Model Mode: enclosed

  Startpoint: coin_in[1] (input port clocked by clk)
  Endpoint: u_credit_reg/credit_reg[7]
            (rising edge-triggered flip-flop clocked by clk)
  Path Group: clk
  Path Type: max

  Des/Clust/Port     Wire Load Model       Library
  ------------------------------------------------
  vending_top        8000                  saed32rvt_tt1p05v25c
  credit_reg         ForQA                 saed32rvt_tt1p05v25c

  Point                                                   Incr       Path
  --------------------------------------------------------------------------
  clock clk (rise edge)                                   0.00       0.00
  clock network delay (ideal)                             0.00       0.00
  input external delay                                    3.00       3.00 f
  coin_in[1] (in)                                         0.49       3.49 f
  u_credit_reg/coin_in[1] (credit_reg)                    0.00       3.49 f
  u_credit_reg/U4/Y (OR2X1_RVT)                           0.09       3.58 f
  u_credit_reg/U5/Y (INVX0_RVT)                           0.07       3.65 r
  u_credit_reg/U7/Y (AO22X1_RVT)                          0.06       3.71 r
  u_credit_reg/U8/Y (NAND2X0_RVT)                         0.05       3.76 f
  u_credit_reg/U9/Y (NAND2X0_RVT)                         0.06       3.82 r
  u_credit_reg/U10/Y (NAND2X0_RVT)                        0.05       3.87 f
  u_credit_reg/U11/Y (INVX0_RVT)                          0.05       3.92 r
  u_credit_reg/intadd_0/U4/CO (FADDX1_RVT)                0.09       4.00 r
  u_credit_reg/intadd_0/U3/CO (FADDX1_RVT)                0.09       4.09 r
  u_credit_reg/intadd_0/U2/CO (FADDX1_RVT)                0.09       4.18 r
  u_credit_reg/U32/Y (AO222X1_RVT)                        0.09       4.28 r
  u_credit_reg/U33/SO (HADDX1_RVT)                        0.08       4.36 f
  u_credit_reg/U34/Y (AO22X1_RVT)                         0.04       4.40 f
  u_credit_reg/credit_reg[7]/D (DFFX1_RVT)                0.01       4.41 f
  data arrival time                                                  4.41

  clock clk (rise edge)                                   5.00       5.00
  clock network delay (ideal)                             0.00       5.00
  clock uncertainty                                      -0.50       4.50
  u_credit_reg/credit_reg[7]/CLK (DFFX1_RVT)              0.00       4.50 r
  library setup time                                     -0.02       4.48
  data required time                                                 4.48
  --------------------------------------------------------------------------
  data required time                                                 4.48
  data arrival time                                                 -4.41
  --------------------------------------------------------------------------
  slack (MET)                                                        0.06


  Startpoint: coin_in[1] (input port clocked by clk)
  Endpoint: u_credit_reg/credit_reg[6]
            (rising edge-triggered flip-flop clocked by clk)
  Path Group: clk
  Path Type: max

  Des/Clust/Port     Wire Load Model       Library
  ------------------------------------------------
  vending_top        8000                  saed32rvt_tt1p05v25c
  credit_reg         ForQA                 saed32rvt_tt1p05v25c

  Point                                                   Incr       Path
  --------------------------------------------------------------------------
  clock clk (rise edge)                                   0.00       0.00
  clock network delay (ideal)                             0.00       0.00
  input external delay                                    3.00       3.00 f
  coin_in[1] (in)                                         0.49       3.49 f
  u_credit_reg/coin_in[1] (credit_reg)                    0.00       3.49 f
  u_credit_reg/U4/Y (OR2X1_RVT)                           0.09       3.58 f
  u_credit_reg/U5/Y (INVX0_RVT)                           0.07       3.65 r
  u_credit_reg/U7/Y (AO22X1_RVT)                          0.06       3.71 r
  u_credit_reg/U8/Y (NAND2X0_RVT)                         0.05       3.76 f
  u_credit_reg/U9/Y (NAND2X0_RVT)                         0.06       3.82 r
  u_credit_reg/U10/Y (NAND2X0_RVT)                        0.05       3.87 f
  u_credit_reg/U11/Y (INVX0_RVT)                          0.05       3.92 r
  u_credit_reg/intadd_0/U4/CO (FADDX1_RVT)                0.09       4.00 r
  u_credit_reg/intadd_0/U3/CO (FADDX1_RVT)                0.09       4.09 r
  u_credit_reg/intadd_0/U2/CO (FADDX1_RVT)                0.09       4.18 r
  u_credit_reg/U30/SO (HADDX1_RVT)                        0.09       4.28 f
  u_credit_reg/U31/Y (AO22X1_RVT)                         0.05       4.33 f
  u_credit_reg/credit_reg[6]/D (DFFX1_RVT)                0.01       4.34 f
  data arrival time                                                  4.34

  clock clk (rise edge)                                   5.00       5.00
  clock network delay (ideal)                             0.00       5.00
  clock uncertainty                                      -0.50       4.50
  u_credit_reg/credit_reg[6]/CLK (DFFX1_RVT)              0.00       4.50 r
  library setup time                                     -0.02       4.48
  data required time                                                 4.48
  --------------------------------------------------------------------------
  data required time                                                 4.48
  data arrival time                                                 -4.34
  --------------------------------------------------------------------------
  slack (MET)                                                        0.13


  Startpoint: coin_in[1] (input port clocked by clk)
  Endpoint: u_credit_reg/credit_reg[5]
            (rising edge-triggered flip-flop clocked by clk)
  Path Group: clk
  Path Type: max

  Des/Clust/Port     Wire Load Model       Library
  ------------------------------------------------
  vending_top        8000                  saed32rvt_tt1p05v25c
  credit_reg         ForQA                 saed32rvt_tt1p05v25c

  Point                                                   Incr       Path
  --------------------------------------------------------------------------
  clock clk (rise edge)                                   0.00       0.00
  clock network delay (ideal)                             0.00       0.00
  input external delay                                    3.00       3.00 f
  coin_in[1] (in)                                         0.49       3.49 f
  u_credit_reg/coin_in[1] (credit_reg)                    0.00       3.49 f
  u_credit_reg/U4/Y (OR2X1_RVT)                           0.09       3.58 f
  u_credit_reg/U5/Y (INVX0_RVT)                           0.07       3.65 r
  u_credit_reg/U7/Y (AO22X1_RVT)                          0.06       3.71 r
  u_credit_reg/U8/Y (NAND2X0_RVT)                         0.05       3.76 f
  u_credit_reg/U9/Y (NAND2X0_RVT)                         0.06       3.82 r
  u_credit_reg/U10/Y (NAND2X0_RVT)                        0.05       3.87 f
  u_credit_reg/U11/Y (INVX0_RVT)                          0.05       3.92 r
  u_credit_reg/intadd_0/U4/CO (FADDX1_RVT)                0.09       4.00 r
  u_credit_reg/intadd_0/U3/CO (FADDX1_RVT)                0.09       4.09 r
  u_credit_reg/intadd_0/U2/S (FADDX1_RVT)                 0.11       4.20 f
  u_credit_reg/U27/Y (AO22X1_RVT)                         0.07       4.27 f
  u_credit_reg/credit_reg[5]/D (DFFX1_RVT)                0.01       4.28 f
  data arrival time                                                  4.28

  clock clk (rise edge)                                   5.00       5.00
  clock network delay (ideal)                             0.00       5.00
  clock uncertainty                                      -0.50       4.50
  u_credit_reg/credit_reg[5]/CLK (DFFX1_RVT)              0.00       4.50 r
  library setup time                                     -0.02       4.48
  data required time                                                 4.48
  --------------------------------------------------------------------------
  data required time                                                 4.48
  data arrival time                                                 -4.28
  --------------------------------------------------------------------------
  slack (MET)                                                        0.19


  Startpoint: coin_in[1] (input port clocked by clk)
  Endpoint: u_credit_reg/credit_reg[4]
            (rising edge-triggered flip-flop clocked by clk)
  Path Group: clk
  Path Type: max

  Des/Clust/Port     Wire Load Model       Library
  ------------------------------------------------
  vending_top        8000                  saed32rvt_tt1p05v25c
  credit_reg         ForQA                 saed32rvt_tt1p05v25c

  Point                                                   Incr       Path
  --------------------------------------------------------------------------
  clock clk (rise edge)                                   0.00       0.00
  clock network delay (ideal)                             0.00       0.00
  input external delay                                    3.00       3.00 r
  coin_in[1] (in)                                         0.49       3.49 r
  u_credit_reg/coin_in[1] (credit_reg)                    0.00       3.49 r
  u_credit_reg/U4/Y (OR2X1_RVT)                           0.08       3.57 r
  u_credit_reg/U5/Y (INVX0_RVT)                           0.06       3.63 f
  u_credit_reg/U7/Y (AO22X1_RVT)                          0.06       3.69 f
  u_credit_reg/U8/Y (NAND2X0_RVT)                         0.06       3.76 r
  u_credit_reg/U9/Y (NAND2X0_RVT)                         0.05       3.80 f
  u_credit_reg/U10/Y (NAND2X0_RVT)                        0.07       3.88 r
  u_credit_reg/U11/Y (INVX0_RVT)                          0.04       3.92 f
  u_credit_reg/intadd_0/U4/CO (FADDX1_RVT)                0.08       4.00 f
  u_credit_reg/intadd_0/U3/S (FADDX1_RVT)                 0.11       4.11 r
  u_credit_reg/U26/Y (AO22X1_RVT)                         0.06       4.17 r
  u_credit_reg/credit_reg[4]/D (DFFX1_RVT)                0.01       4.18 r
  data arrival time                                                  4.18

  clock clk (rise edge)                                   5.00       5.00
  clock network delay (ideal)                             0.00       5.00
  clock uncertainty                                      -0.50       4.50
  u_credit_reg/credit_reg[4]/CLK (DFFX1_RVT)              0.00       4.50 r
  library setup time                                     -0.03       4.47
  data required time                                                 4.47
  --------------------------------------------------------------------------
  data required time                                                 4.47
  data arrival time                                                 -4.18
  --------------------------------------------------------------------------
  slack (MET)                                                        0.29


  Startpoint: sel_item[1]
              (input port clocked by clk)
  Endpoint: u_memory/mem_reg[3][0]
            (rising edge-triggered flip-flop clocked by clk)
  Path Group: clk
  Path Type: max

  Des/Clust/Port     Wire Load Model       Library
  ------------------------------------------------
  vending_top        8000                  saed32rvt_tt1p05v25c
  memory             8000                  saed32rvt_tt1p05v25c

  Point                                                   Incr       Path
  --------------------------------------------------------------------------
  clock clk (rise edge)                                   0.00       0.00
  clock network delay (ideal)                             0.00       0.00
  input external delay                                    3.00       3.00 f
  sel_item[1] (in)                                        0.30       3.30 f
  u_memory/addr[1] (memory)                               0.00       3.30 f
  u_memory/U21/Y (INVX0_RVT)                              0.14       3.44 r
  u_memory/U22/Y (MUX41X1_RVT)                            0.19       3.63 f
  u_memory/U25/Y (OR2X1_RVT)                              0.07       3.69 f
  u_memory/U11/Y (NOR2X0_RVT)                             0.07       3.76 r
  u_memory/U33/Y (NAND2X0_RVT)                            0.03       3.79 f
  u_memory/U35/Y (AOI21X1_RVT)                            0.07       3.87 r
  u_memory/U12/Y (AO21X1_RVT)                             0.07       3.93 r
  u_memory/U58/Y (INVX0_RVT)                              0.07       4.00 f
  u_memory/U37/Y (AND2X1_RVT)                             0.07       4.07 f
  u_memory/U38/Y (AO22X1_RVT)                             0.05       4.12 f
  u_memory/mem_reg[3][0]/D (DFFX1_RVT)                    0.01       4.13 f
  data arrival time                                                  4.13

  clock clk (rise edge)                                   5.00       5.00
  clock network delay (ideal)                             0.00       5.00
  clock uncertainty                                      -0.50       4.50
  u_memory/mem_reg[3][0]/CLK (DFFX1_RVT)                  0.00       4.50 r
  library setup time                                     -0.02       4.48
  data required time                                                 4.48
  --------------------------------------------------------------------------
  data required time                                                 4.48
  data arrival time                                                 -4.13
  --------------------------------------------------------------------------
  slack (MET)                                                        0.35


  Startpoint: sel_item[1]
              (input port clocked by clk)
  Endpoint: u_memory/mem_reg[3][2]
            (rising edge-triggered flip-flop clocked by clk)
  Path Group: clk
  Path Type: max

  Des/Clust/Port     Wire Load Model       Library
  ------------------------------------------------
  vending_top        8000                  saed32rvt_tt1p05v25c
  memory             8000                  saed32rvt_tt1p05v25c

  Point                                                   Incr       Path
  --------------------------------------------------------------------------
  clock clk (rise edge)                                   0.00       0.00
  clock network delay (ideal)                             0.00       0.00
  input external delay                                    3.00       3.00 f
  sel_item[1] (in)                                        0.30       3.30 f
  u_memory/addr[1] (memory)                               0.00       3.30 f
  u_memory/U21/Y (INVX0_RVT)                              0.14       3.44 r
  u_memory/U22/Y (MUX41X1_RVT)                            0.19       3.63 f
  u_memory/U25/Y (OR2X1_RVT)                              0.07       3.69 f
  u_memory/U11/Y (NOR2X0_RVT)                             0.07       3.76 r
  u_memory/U33/Y (NAND2X0_RVT)                            0.03       3.79 f
  u_memory/U35/Y (AOI21X1_RVT)                            0.07       3.87 r
  u_memory/U12/Y (AO21X1_RVT)                             0.07       3.93 r
  u_memory/U58/Y (INVX0_RVT)                              0.07       4.00 f
  u_memory/U37/Y (AND2X1_RVT)                             0.07       4.07 f
  u_memory/U51/Y (AO22X1_RVT)                             0.05       4.11 f
  u_memory/mem_reg[3][2]/D (DFFX1_RVT)                    0.01       4.13 f
  data arrival time                                                  4.13

  clock clk (rise edge)                                   5.00       5.00
  clock network delay (ideal)                             0.00       5.00
  clock uncertainty                                      -0.50       4.50
  u_memory/mem_reg[3][2]/CLK (DFFX1_RVT)                  0.00       4.50 r
  library setup time                                     -0.02       4.48
  data required time                                                 4.48
  --------------------------------------------------------------------------
  data required time                                                 4.48
  data arrival time                                                 -4.13
  --------------------------------------------------------------------------
  slack (MET)                                                        0.35


  Startpoint: sel_item[1]
              (input port clocked by clk)
  Endpoint: u_memory/mem_reg[3][3]
            (rising edge-triggered flip-flop clocked by clk)
  Path Group: clk
  Path Type: max

  Des/Clust/Port     Wire Load Model       Library
  ------------------------------------------------
  vending_top        8000                  saed32rvt_tt1p05v25c
  memory             8000                  saed32rvt_tt1p05v25c

  Point                                                   Incr       Path
  --------------------------------------------------------------------------
  clock clk (rise edge)                                   0.00       0.00
  clock network delay (ideal)                             0.00       0.00
  input external delay                                    3.00       3.00 f
  sel_item[1] (in)                                        0.30       3.30 f
  u_memory/addr[1] (memory)                               0.00       3.30 f
  u_memory/U21/Y (INVX0_RVT)                              0.14       3.44 r
  u_memory/U22/Y (MUX41X1_RVT)                            0.19       3.63 f
  u_memory/U25/Y (OR2X1_RVT)                              0.07       3.69 f
  u_memory/U11/Y (NOR2X0_RVT)                             0.07       3.76 r
  u_memory/U33/Y (NAND2X0_RVT)                            0.03       3.79 f
  u_memory/U35/Y (AOI21X1_RVT)                            0.07       3.87 r
  u_memory/U12/Y (AO21X1_RVT)                             0.07       3.93 r
  u_memory/U58/Y (INVX0_RVT)                              0.07       4.00 f
  u_memory/U37/Y (AND2X1_RVT)                             0.07       4.07 f
  u_memory/U55/Y (AO22X1_RVT)                             0.05       4.11 f
  u_memory/mem_reg[3][3]/D (DFFX1_RVT)                    0.01       4.13 f
  data arrival time                                                  4.13

  clock clk (rise edge)                                   5.00       5.00
  clock network delay (ideal)                             0.00       5.00
  clock uncertainty                                      -0.50       4.50
  u_memory/mem_reg[3][3]/CLK (DFFX1_RVT)                  0.00       4.50 r
  library setup time                                     -0.02       4.48
  data required time                                                 4.48
  --------------------------------------------------------------------------
  data required time                                                 4.48
  data arrival time                                                 -4.13
  --------------------------------------------------------------------------
  slack (MET)                                                        0.35


  Startpoint: sel_item[1]
              (input port clocked by clk)
  Endpoint: u_memory/mem_reg[3][4]
            (rising edge-triggered flip-flop clocked by clk)
  Path Group: clk
  Path Type: max

  Des/Clust/Port     Wire Load Model       Library
  ------------------------------------------------
  vending_top        8000                  saed32rvt_tt1p05v25c
  memory             8000                  saed32rvt_tt1p05v25c

  Point                                                   Incr       Path
  --------------------------------------------------------------------------
  clock clk (rise edge)                                   0.00       0.00
  clock network delay (ideal)                             0.00       0.00
  input external delay                                    3.00       3.00 f
  sel_item[1] (in)                                        0.30       3.30 f
  u_memory/addr[1] (memory)                               0.00       3.30 f
  u_memory/U21/Y (INVX0_RVT)                              0.14       3.44 r
  u_memory/U22/Y (MUX41X1_RVT)                            0.19       3.63 f
  u_memory/U25/Y (OR2X1_RVT)                              0.07       3.69 f
  u_memory/U11/Y (NOR2X0_RVT)                             0.07       3.76 r
  u_memory/U33/Y (NAND2X0_RVT)                            0.03       3.79 f
  u_memory/U35/Y (AOI21X1_RVT)                            0.07       3.87 r
  u_memory/U12/Y (AO21X1_RVT)                             0.07       3.93 r
  u_memory/U58/Y (INVX0_RVT)                              0.07       4.00 f
  u_memory/U37/Y (AND2X1_RVT)                             0.07       4.07 f
  u_memory/U57/Y (AO22X1_RVT)                             0.05       4.11 f
  u_memory/mem_reg[3][4]/D (DFFX1_RVT)                    0.01       4.13 f
  data arrival time                                                  4.13

  clock clk (rise edge)                                   5.00       5.00
  clock network delay (ideal)                             0.00       5.00
  clock uncertainty                                      -0.50       4.50
  u_memory/mem_reg[3][4]/CLK (DFFX1_RVT)                  0.00       4.50 r
  library setup time                                     -0.02       4.48
  data required time                                                 4.48
  --------------------------------------------------------------------------
  data required time                                                 4.48
  data arrival time                                                 -4.13
  --------------------------------------------------------------------------
  slack (MET)                                                        0.35


  Startpoint: sel_item[1]
              (input port clocked by clk)
  Endpoint: u_memory/mem_reg[2][2]
            (rising edge-triggered flip-flop clocked by clk)
  Path Group: clk
  Path Type: max

  Des/Clust/Port     Wire Load Model       Library
  ------------------------------------------------
  vending_top        8000                  saed32rvt_tt1p05v25c
  memory             8000                  saed32rvt_tt1p05v25c

  Point                                                   Incr       Path
  --------------------------------------------------------------------------
  clock clk (rise edge)                                   0.00       0.00
  clock network delay (ideal)                             0.00       0.00
  input external delay                                    3.00       3.00 f
  sel_item[1] (in)                                        0.30       3.30 f
  u_memory/addr[1] (memory)                               0.00       3.30 f
  u_memory/U21/Y (INVX0_RVT)                              0.14       3.44 r
  u_memory/U22/Y (MUX41X1_RVT)                            0.19       3.63 f
  u_memory/U25/Y (OR2X1_RVT)                              0.07       3.69 f
  u_memory/U11/Y (NOR2X0_RVT)                             0.07       3.76 r
  u_memory/U33/Y (NAND2X0_RVT)                            0.03       3.79 f
  u_memory/U35/Y (AOI21X1_RVT)                            0.07       3.87 r
  u_memory/U9/Y (AO21X1_RVT)                              0.06       3.93 r
  u_memory/U81/Y (INVX0_RVT)                              0.06       3.99 f
  u_memory/U85/Y (AND2X1_RVT)                             0.07       4.06 f
  u_memory/U86/Y (AO22X1_RVT)                             0.04       4.10 f
  u_memory/mem_reg[2][2]/D (DFFX1_RVT)                    0.01       4.11 f
  data arrival time                                                  4.11

  clock clk (rise edge)                                   5.00       5.00
  clock network delay (ideal)                             0.00       5.00
  clock uncertainty                                      -0.50       4.50
  u_memory/mem_reg[2][2]/CLK (DFFX1_RVT)                  0.00       4.50 r
  library setup time                                     -0.02       4.48
  data required time                                                 4.48
  --------------------------------------------------------------------------
  data required time                                                 4.48
  data arrival time                                                 -4.11
  --------------------------------------------------------------------------
  slack (MET)                                                        0.36


  Startpoint: sel_item[1]
              (input port clocked by clk)
  Endpoint: u_memory/mem_reg[2][3]
            (rising edge-triggered flip-flop clocked by clk)
  Path Group: clk
  Path Type: max

  Des/Clust/Port     Wire Load Model       Library
  ------------------------------------------------
  vending_top        8000                  saed32rvt_tt1p05v25c
  memory             8000                  saed32rvt_tt1p05v25c

  Point                                                   Incr       Path
  --------------------------------------------------------------------------
  clock clk (rise edge)                                   0.00       0.00
  clock network delay (ideal)                             0.00       0.00
  input external delay                                    3.00       3.00 f
  sel_item[1] (in)                                        0.30       3.30 f
  u_memory/addr[1] (memory)                               0.00       3.30 f
  u_memory/U21/Y (INVX0_RVT)                              0.14       3.44 r
  u_memory/U22/Y (MUX41X1_RVT)                            0.19       3.63 f
  u_memory/U25/Y (OR2X1_RVT)                              0.07       3.69 f
  u_memory/U11/Y (NOR2X0_RVT)                             0.07       3.76 r
  u_memory/U33/Y (NAND2X0_RVT)                            0.03       3.79 f
  u_memory/U35/Y (AOI21X1_RVT)                            0.07       3.87 r
  u_memory/U9/Y (AO21X1_RVT)                              0.06       3.93 r
  u_memory/U81/Y (INVX0_RVT)                              0.06       3.99 f
  u_memory/U85/Y (AND2X1_RVT)                             0.07       4.06 f
  u_memory/U87/Y (AO22X1_RVT)                             0.04       4.10 f
  u_memory/mem_reg[2][3]/D (DFFX1_RVT)                    0.01       4.11 f
  data arrival time                                                  4.11

  clock clk (rise edge)                                   5.00       5.00
  clock network delay (ideal)                             0.00       5.00
  clock uncertainty                                      -0.50       4.50
  u_memory/mem_reg[2][3]/CLK (DFFX1_RVT)                  0.00       4.50 r
  library setup time                                     -0.02       4.48
  data required time                                                 4.48
  --------------------------------------------------------------------------
  data required time                                                 4.48
  data arrival time                                                 -4.11
  --------------------------------------------------------------------------
  slack (MET)                                                        0.36


1
