 
****************************************
Report : area
Design : vending_top
Version: X-2025.06-SP2
Date   : Fri Jul  3 11:25:08 2026
****************************************

Information: Updating design information... (UID-85)
Library(s) Used:

    saed32rvt_tt1p05v25c (File: /home/luciano.oliveira/grupo_NN_vending/libs/saed32rvt_tt1p05v25c.db)

Number of ports:                           29
Number of nets:                           325
Number of cells:                          289
Number of combinational cells:            208
Number of sequential cells:                80
Number of macros/black boxes:               0
Number of buf/inv:                         24
Number of references:                      28

Combinational area:                516.420611
Buf/Inv area:                       32.276288
Noncombinational area:             529.127825
Macro/Black Box area:                0.000000
Net Interconnect area:             211.010403

Total cell area:                  1045.548436
Total area:                       1256.558840
1
