 
****************************************
Report : area
Design : vending_top
Version: X-2025.06-SP2
Date   : Fri Jul  3 11:18:42 2026
****************************************

Information: Updating design information... (UID-85)
Library(s) Used:

    saed32rvt_tt1p05v25c (File: /home/luciano.oliveira/grupo_NN_vending/libs/saed32rvt_tt1p05v25c.db)

Number of ports:                          134
Number of nets:                           464
Number of cells:                          343
Number of combinational cells:            252
Number of sequential cells:                80
Number of macros/black boxes:               0
Number of buf/inv:                         52
Number of references:                      15

Combinational area:                593.680389
Buf/Inv area:                       66.839872
Noncombinational area:             529.127825
Macro/Black Box area:                0.000000
Net Interconnect area:             216.275579

Total cell area:                  1122.808214
Total area:                       1339.083793
1
