 
****************************************
Report : area
Design : vending_top
Version: X-2025.06-SP2
Date   : Fri Jul  3 11:19:33 2026
****************************************

Information: Updating design information... (UID-85)
Library(s) Used:

    saed32rvt_tt1p05v25c (File: /home/luciano.oliveira/grupo_NN_vending/libs/saed32rvt_tt1p05v25c.db)

Number of ports:                          134
Number of nets:                           626
Number of cells:                          485
Number of combinational cells:            393
Number of sequential cells:                80
Number of macros/black boxes:               0
Number of buf/inv:                         93
Number of references:                      15

Combinational area:                921.017869
Buf/Inv area:                      145.370371
Noncombinational area:             541.326735
Macro/Black Box area:                0.000000
Net Interconnect area:             234.462081

Total cell area:                  1462.344604
Total area:                       1696.806685
1
