 
****************************************
Report : timing
        -path full
        -delay max
        -max_paths 10
Design : vending_top
Version: X-2025.06-SP2
Date   : Fri Jul  3 11:25:08 2026
****************************************

Operating Conditions: tt1p05v25c   Library: saed32rvt_tt1p05v25c
Wire Load Model Mode: enclosed

  Startpoint: sel_item[0]
              (input port clocked by clk)
  Endpoint: u_memory/mem_reg[3][0]
            (rising edge-triggered flip-flop clocked by clk)
  Path Group: clk
  Path Type: max

  Des/Clust/Port     Wire Load Model       Library
  ------------------------------------------------
  vending_top        8000                  saed32rvt_tt1p05v25c

  Point                                                   Incr       Path
  --------------------------------------------------------------------------
  clock clk (rise edge)                                   0.00       0.00
  clock network delay (ideal)                             0.00       0.00
  input external delay                                    3.00       3.00 f
  sel_item[0] (in)                                        0.31       3.31 f
  U278/Y (INVX0_RVT)                                      0.14       3.44 r
  U283/Y (MUX41X1_RVT)                                    0.11       3.56 f
  U228/Y (OR2X1_RVT)                                      0.06       3.61 f
  U323/Y (OR2X1_RVT)                                      0.04       3.66 f
  U325/Y (NOR2X0_RVT)                                     0.06       3.71 r
  U326/Y (AO22X1_RVT)                                     0.05       3.77 r
  U224/Y (AO21X1_RVT)                                     0.07       3.84 r
  U332/Y (INVX0_RVT)                                      0.07       3.90 f
  U328/Y (AND2X1_RVT)                                     0.07       3.97 f
  U329/Y (AO22X1_RVT)                                     0.05       4.03 f
  u_memory/mem_reg[3][0]/D (DFFX1_RVT)                    0.01       4.04 f
  data arrival time                                                  4.04

  clock clk (rise edge)                                   5.00       5.00
  clock network delay (ideal)                             0.00       5.00
  clock uncertainty                                      -0.50       4.50
  u_memory/mem_reg[3][0]/CLK (DFFX1_RVT)                  0.00       4.50 r
  library setup time                                     -0.02       4.48
  data required time                                                 4.48
  --------------------------------------------------------------------------
  data required time                                                 4.48
  data arrival time                                                 -4.04
  --------------------------------------------------------------------------
  slack (MET)                                                        0.44


  Startpoint: sel_item[0]
              (input port clocked by clk)
  Endpoint: u_memory/mem_reg[0][1]
            (rising edge-triggered flip-flop clocked by clk)
  Path Group: clk
  Path Type: max

  Des/Clust/Port     Wire Load Model       Library
  ------------------------------------------------
  vending_top        8000                  saed32rvt_tt1p05v25c

  Point                                                   Incr       Path
  --------------------------------------------------------------------------
  clock clk (rise edge)                                   0.00       0.00
  clock network delay (ideal)                             0.00       0.00
  input external delay                                    3.00       3.00 f
  sel_item[0] (in)                                        0.31       3.31 f
  U278/Y (INVX0_RVT)                                      0.14       3.44 r
  U283/Y (MUX41X1_RVT)                                    0.11       3.56 f
  U228/Y (OR2X1_RVT)                                      0.06       3.61 f
  U323/Y (OR2X1_RVT)                                      0.04       3.66 f
  U325/Y (NOR2X0_RVT)                                     0.06       3.71 r
  U326/Y (AO22X1_RVT)                                     0.05       3.77 r
  U223/Y (AO21X1_RVT)                                     0.07       3.84 r
  U372/Y (INVX0_RVT)                                      0.07       3.91 f
  U374/Y (AND2X1_RVT)                                     0.07       3.98 f
  U375/Y (AO22X1_RVT)                                     0.05       4.03 f
  u_memory/mem_reg[0][1]/D (DFFX1_RVT)                    0.01       4.04 f
  data arrival time                                                  4.04

  clock clk (rise edge)                                   5.00       5.00
  clock network delay (ideal)                             0.00       5.00
  clock uncertainty                                      -0.50       4.50
  u_memory/mem_reg[0][1]/CLK (DFFX1_RVT)                  0.00       4.50 r
  library setup time                                     -0.02       4.48
  data required time                                                 4.48
  --------------------------------------------------------------------------
  data required time                                                 4.48
  data arrival time                                                 -4.04
  --------------------------------------------------------------------------
  slack (MET)                                                        0.44


  Startpoint: sel_item[0]
              (input port clocked by clk)
  Endpoint: u_memory/mem_reg[0][3]
            (rising edge-triggered flip-flop clocked by clk)
  Path Group: clk
  Path Type: max

  Des/Clust/Port     Wire Load Model       Library
  ------------------------------------------------
  vending_top        8000                  saed32rvt_tt1p05v25c

  Point                                                   Incr       Path
  --------------------------------------------------------------------------
  clock clk (rise edge)                                   0.00       0.00
  clock network delay (ideal)                             0.00       0.00
  input external delay                                    3.00       3.00 f
  sel_item[0] (in)                                        0.31       3.31 f
  U278/Y (INVX0_RVT)                                      0.14       3.44 r
  U283/Y (MUX41X1_RVT)                                    0.11       3.56 f
  U228/Y (OR2X1_RVT)                                      0.06       3.61 f
  U323/Y (OR2X1_RVT)                                      0.04       3.66 f
  U325/Y (NOR2X0_RVT)                                     0.06       3.71 r
  U326/Y (AO22X1_RVT)                                     0.05       3.77 r
  U223/Y (AO21X1_RVT)                                     0.07       3.84 r
  U372/Y (INVX0_RVT)                                      0.07       3.91 f
  U374/Y (AND2X1_RVT)                                     0.07       3.98 f
  U377/Y (AO22X1_RVT)                                     0.05       4.03 f
  u_memory/mem_reg[0][3]/D (DFFX1_RVT)                    0.01       4.04 f
  data arrival time                                                  4.04

  clock clk (rise edge)                                   5.00       5.00
  clock network delay (ideal)                             0.00       5.00
  clock uncertainty                                      -0.50       4.50
  u_memory/mem_reg[0][3]/CLK (DFFX1_RVT)                  0.00       4.50 r
  library setup time                                     -0.02       4.48
  data required time                                                 4.48
  --------------------------------------------------------------------------
  data required time                                                 4.48
  data arrival time                                                 -4.04
  --------------------------------------------------------------------------
  slack (MET)                                                        0.44


  Startpoint: sel_item[0]
              (input port clocked by clk)
  Endpoint: u_memory/mem_reg[0][4]
            (rising edge-triggered flip-flop clocked by clk)
  Path Group: clk
  Path Type: max

  Des/Clust/Port     Wire Load Model       Library
  ------------------------------------------------
  vending_top        8000                  saed32rvt_tt1p05v25c

  Point                                                   Incr       Path
  --------------------------------------------------------------------------
  clock clk (rise edge)                                   0.00       0.00
  clock network delay (ideal)                             0.00       0.00
  input external delay                                    3.00       3.00 f
  sel_item[0] (in)                                        0.31       3.31 f
  U278/Y (INVX0_RVT)                                      0.14       3.44 r
  U283/Y (MUX41X1_RVT)                                    0.11       3.56 f
  U228/Y (OR2X1_RVT)                                      0.06       3.61 f
  U323/Y (OR2X1_RVT)                                      0.04       3.66 f
  U325/Y (NOR2X0_RVT)                                     0.06       3.71 r
  U326/Y (AO22X1_RVT)                                     0.05       3.77 r
  U223/Y (AO21X1_RVT)                                     0.07       3.84 r
  U372/Y (INVX0_RVT)                                      0.07       3.91 f
  U374/Y (AND2X1_RVT)                                     0.07       3.98 f
  U378/Y (AO22X1_RVT)                                     0.05       4.03 f
  u_memory/mem_reg[0][4]/D (DFFX1_RVT)                    0.01       4.04 f
  data arrival time                                                  4.04

  clock clk (rise edge)                                   5.00       5.00
  clock network delay (ideal)                             0.00       5.00
  clock uncertainty                                      -0.50       4.50
  u_memory/mem_reg[0][4]/CLK (DFFX1_RVT)                  0.00       4.50 r
  library setup time                                     -0.02       4.48
  data required time                                                 4.48
  --------------------------------------------------------------------------
  data required time                                                 4.48
  data arrival time                                                 -4.04
  --------------------------------------------------------------------------
  slack (MET)                                                        0.44


  Startpoint: sel_item[0]
              (input port clocked by clk)
  Endpoint: u_memory/mem_reg[1][4]
            (rising edge-triggered flip-flop clocked by clk)
  Path Group: clk
  Path Type: max

  Des/Clust/Port     Wire Load Model       Library
  ------------------------------------------------
  vending_top        8000                  saed32rvt_tt1p05v25c

  Point                                                   Incr       Path
  --------------------------------------------------------------------------
  clock clk (rise edge)                                   0.00       0.00
  clock network delay (ideal)                             0.00       0.00
  input external delay                                    3.00       3.00 f
  sel_item[0] (in)                                        0.31       3.31 f
  U278/Y (INVX0_RVT)                                      0.14       3.44 r
  U283/Y (MUX41X1_RVT)                                    0.11       3.56 f
  U228/Y (OR2X1_RVT)                                      0.06       3.61 f
  U323/Y (OR2X1_RVT)                                      0.04       3.66 f
  U325/Y (NOR2X0_RVT)                                     0.06       3.71 r
  U326/Y (AO22X1_RVT)                                     0.05       3.77 r
  U222/Y (AO21X1_RVT)                                     0.07       3.84 r
  U360/Y (INVX0_RVT)                                      0.07       3.91 f
  U362/Y (AND2X1_RVT)                                     0.07       3.98 f
  U366/Y (AO22X1_RVT)                                     0.05       4.03 f
  u_memory/mem_reg[1][4]/D (DFFX1_RVT)                    0.01       4.04 f
  data arrival time                                                  4.04

  clock clk (rise edge)                                   5.00       5.00
  clock network delay (ideal)                             0.00       5.00
  clock uncertainty                                      -0.50       4.50
  u_memory/mem_reg[1][4]/CLK (DFFX1_RVT)                  0.00       4.50 r
  library setup time                                     -0.02       4.48
  data required time                                                 4.48
  --------------------------------------------------------------------------
  data required time                                                 4.48
  data arrival time                                                 -4.04
  --------------------------------------------------------------------------
  slack (MET)                                                        0.44


  Startpoint: sel_item[0]
              (input port clocked by clk)
  Endpoint: u_memory/mem_reg[1][3]
            (rising edge-triggered flip-flop clocked by clk)
  Path Group: clk
  Path Type: max

  Des/Clust/Port     Wire Load Model       Library
  ------------------------------------------------
  vending_top        8000                  saed32rvt_tt1p05v25c

  Point                                                   Incr       Path
  --------------------------------------------------------------------------
  clock clk (rise edge)                                   0.00       0.00
  clock network delay (ideal)                             0.00       0.00
  input external delay                                    3.00       3.00 f
  sel_item[0] (in)                                        0.31       3.31 f
  U278/Y (INVX0_RVT)                                      0.14       3.44 r
  U283/Y (MUX41X1_RVT)                                    0.11       3.56 f
  U228/Y (OR2X1_RVT)                                      0.06       3.61 f
  U323/Y (OR2X1_RVT)                                      0.04       3.66 f
  U325/Y (NOR2X0_RVT)                                     0.06       3.71 r
  U326/Y (AO22X1_RVT)                                     0.05       3.77 r
  U222/Y (AO21X1_RVT)                                     0.07       3.84 r
  U360/Y (INVX0_RVT)                                      0.07       3.91 f
  U362/Y (AND2X1_RVT)                                     0.07       3.98 f
  U365/Y (AO22X1_RVT)                                     0.05       4.03 f
  u_memory/mem_reg[1][3]/D (DFFX1_RVT)                    0.01       4.04 f
  data arrival time                                                  4.04

  clock clk (rise edge)                                   5.00       5.00
  clock network delay (ideal)                             0.00       5.00
  clock uncertainty                                      -0.50       4.50
  u_memory/mem_reg[1][3]/CLK (DFFX1_RVT)                  0.00       4.50 r
  library setup time                                     -0.02       4.48
  data required time                                                 4.48
  --------------------------------------------------------------------------
  data required time                                                 4.48
  data arrival time                                                 -4.04
  --------------------------------------------------------------------------
  slack (MET)                                                        0.44


  Startpoint: sel_item[0]
              (input port clocked by clk)
  Endpoint: u_memory/mem_reg[1][1]
            (rising edge-triggered flip-flop clocked by clk)
  Path Group: clk
  Path Type: max

  Des/Clust/Port     Wire Load Model       Library
  ------------------------------------------------
  vending_top        8000                  saed32rvt_tt1p05v25c

  Point                                                   Incr       Path
  --------------------------------------------------------------------------
  clock clk (rise edge)                                   0.00       0.00
  clock network delay (ideal)                             0.00       0.00
  input external delay                                    3.00       3.00 f
  sel_item[0] (in)                                        0.31       3.31 f
  U278/Y (INVX0_RVT)                                      0.14       3.44 r
  U283/Y (MUX41X1_RVT)                                    0.11       3.56 f
  U228/Y (OR2X1_RVT)                                      0.06       3.61 f
  U323/Y (OR2X1_RVT)                                      0.04       3.66 f
  U325/Y (NOR2X0_RVT)                                     0.06       3.71 r
  U326/Y (AO22X1_RVT)                                     0.05       3.77 r
  U222/Y (AO21X1_RVT)                                     0.07       3.84 r
  U360/Y (INVX0_RVT)                                      0.07       3.91 f
  U362/Y (AND2X1_RVT)                                     0.07       3.98 f
  U363/Y (AO22X1_RVT)                                     0.05       4.03 f
  u_memory/mem_reg[1][1]/D (DFFX1_RVT)                    0.01       4.04 f
  data arrival time                                                  4.04

  clock clk (rise edge)                                   5.00       5.00
  clock network delay (ideal)                             0.00       5.00
  clock uncertainty                                      -0.50       4.50
  u_memory/mem_reg[1][1]/CLK (DFFX1_RVT)                  0.00       4.50 r
  library setup time                                     -0.02       4.48
  data required time                                                 4.48
  --------------------------------------------------------------------------
  data required time                                                 4.48
  data arrival time                                                 -4.04
  --------------------------------------------------------------------------
  slack (MET)                                                        0.44


  Startpoint: sel_item[0]
              (input port clocked by clk)
  Endpoint: u_memory/mem_reg[3][2]
            (rising edge-triggered flip-flop clocked by clk)
  Path Group: clk
  Path Type: max

  Des/Clust/Port     Wire Load Model       Library
  ------------------------------------------------
  vending_top        8000                  saed32rvt_tt1p05v25c

  Point                                                   Incr       Path
  --------------------------------------------------------------------------
  clock clk (rise edge)                                   0.00       0.00
  clock network delay (ideal)                             0.00       0.00
  input external delay                                    3.00       3.00 f
  sel_item[0] (in)                                        0.31       3.31 f
  U278/Y (INVX0_RVT)                                      0.14       3.44 r
  U283/Y (MUX41X1_RVT)                                    0.11       3.56 f
  U228/Y (OR2X1_RVT)                                      0.06       3.61 f
  U323/Y (OR2X1_RVT)                                      0.04       3.66 f
  U325/Y (NOR2X0_RVT)                                     0.06       3.71 r
  U326/Y (AO22X1_RVT)                                     0.05       3.77 r
  U224/Y (AO21X1_RVT)                                     0.07       3.84 r
  U332/Y (INVX0_RVT)                                      0.07       3.90 f
  U328/Y (AND2X1_RVT)                                     0.07       3.97 f
  U337/Y (AO22X1_RVT)                                     0.05       4.02 f
  u_memory/mem_reg[3][2]/D (DFFX1_RVT)                    0.01       4.04 f
  data arrival time                                                  4.04

  clock clk (rise edge)                                   5.00       5.00
  clock network delay (ideal)                             0.00       5.00
  clock uncertainty                                      -0.50       4.50
  u_memory/mem_reg[3][2]/CLK (DFFX1_RVT)                  0.00       4.50 r
  library setup time                                     -0.02       4.48
  data required time                                                 4.48
  --------------------------------------------------------------------------
  data required time                                                 4.48
  data arrival time                                                 -4.04
  --------------------------------------------------------------------------
  slack (MET)                                                        0.44


  Startpoint: sel_item[0]
              (input port clocked by clk)
  Endpoint: u_memory/mem_reg[3][3]
            (rising edge-triggered flip-flop clocked by clk)
  Path Group: clk
  Path Type: max

  Des/Clust/Port     Wire Load Model       Library
  ------------------------------------------------
  vending_top        8000                  saed32rvt_tt1p05v25c

  Point                                                   Incr       Path
  --------------------------------------------------------------------------
  clock clk (rise edge)                                   0.00       0.00
  clock network delay (ideal)                             0.00       0.00
  input external delay                                    3.00       3.00 f
  sel_item[0] (in)                                        0.31       3.31 f
  U278/Y (INVX0_RVT)                                      0.14       3.44 r
  U283/Y (MUX41X1_RVT)                                    0.11       3.56 f
  U228/Y (OR2X1_RVT)                                      0.06       3.61 f
  U323/Y (OR2X1_RVT)                                      0.04       3.66 f
  U325/Y (NOR2X0_RVT)                                     0.06       3.71 r
  U326/Y (AO22X1_RVT)                                     0.05       3.77 r
  U224/Y (AO21X1_RVT)                                     0.07       3.84 r
  U332/Y (INVX0_RVT)                                      0.07       3.90 f
  U328/Y (AND2X1_RVT)                                     0.07       3.97 f
  U340/Y (AO22X1_RVT)                                     0.05       4.02 f
  u_memory/mem_reg[3][3]/D (DFFX1_RVT)                    0.01       4.04 f
  data arrival time                                                  4.04

  clock clk (rise edge)                                   5.00       5.00
  clock network delay (ideal)                             0.00       5.00
  clock uncertainty                                      -0.50       4.50
  u_memory/mem_reg[3][3]/CLK (DFFX1_RVT)                  0.00       4.50 r
  library setup time                                     -0.02       4.48
  data required time                                                 4.48
  --------------------------------------------------------------------------
  data required time                                                 4.48
  data arrival time                                                 -4.04
  --------------------------------------------------------------------------
  slack (MET)                                                        0.44


  Startpoint: sel_item[0]
              (input port clocked by clk)
  Endpoint: u_memory/mem_reg[3][4]
            (rising edge-triggered flip-flop clocked by clk)
  Path Group: clk
  Path Type: max

  Des/Clust/Port     Wire Load Model       Library
  ------------------------------------------------
  vending_top        8000                  saed32rvt_tt1p05v25c

  Point                                                   Incr       Path
  --------------------------------------------------------------------------
  clock clk (rise edge)                                   0.00       0.00
  clock network delay (ideal)                             0.00       0.00
  input external delay                                    3.00       3.00 f
  sel_item[0] (in)                                        0.31       3.31 f
  U278/Y (INVX0_RVT)                                      0.14       3.44 r
  U283/Y (MUX41X1_RVT)                                    0.11       3.56 f
  U228/Y (OR2X1_RVT)                                      0.06       3.61 f
  U323/Y (OR2X1_RVT)                                      0.04       3.66 f
  U325/Y (NOR2X0_RVT)                                     0.06       3.71 r
  U326/Y (AO22X1_RVT)                                     0.05       3.77 r
  U224/Y (AO21X1_RVT)                                     0.07       3.84 r
  U332/Y (INVX0_RVT)                                      0.07       3.90 f
  U328/Y (AND2X1_RVT)                                     0.07       3.97 f
  U342/Y (AO22X1_RVT)                                     0.05       4.02 f
  u_memory/mem_reg[3][4]/D (DFFX1_RVT)                    0.01       4.04 f
  data arrival time                                                  4.04

  clock clk (rise edge)                                   5.00       5.00
  clock network delay (ideal)                             0.00       5.00
  clock uncertainty                                      -0.50       4.50
  u_memory/mem_reg[3][4]/CLK (DFFX1_RVT)                  0.00       4.50 r
  library setup time                                     -0.02       4.48
  data required time                                                 4.48
  --------------------------------------------------------------------------
  data required time                                                 4.48
  data arrival time                                                 -4.04
  --------------------------------------------------------------------------
  slack (MET)                                                        0.44


1
