 
****************************************
Report : power
        -analysis_effort low
Design : vending_top
Version: X-2025.06-SP2
Date   : Fri Jul  3 11:25:08 2026
****************************************


Library(s) Used:

    saed32rvt_tt1p05v25c (File: /home/luciano.oliveira/grupo_NN_vending/libs/saed32rvt_tt1p05v25c.db)


Operating Conditions: tt1p05v25c   Library: saed32rvt_tt1p05v25c
Wire Load Model Mode: enclosed

Design        Wire Load Model            Library
------------------------------------------------
vending_top            8000              saed32rvt_tt1p05v25c


Global Operating Voltage = 1.05 
Power-specific unit information :
    Voltage Units = 1V
    Capacitance Units = 1.000000ff
    Time Units = 1ns
    Dynamic Power Units = 1uW    (derived from V,C,T units)
    Leakage Power Units = 1pW


Attributes
----------
i - Including register clock pin internal power


  Cell Internal Power  = 111.1361 uW   (97%)
  Net Switching Power  =   3.3585 uW    (3%)
                         ---------
Total Dynamic Power    = 114.4947 uW  (100%)

Cell Leakage Power     = 117.7050 uW


                 Internal         Switching           Leakage            Total
Power Group      Power            Power               Power              Power   (   %    )  Attrs
--------------------------------------------------------------------------------------------------
io_pad             0.0000            0.0000            0.0000            0.0000  (   0.00%)
memory             0.0000            0.0000            0.0000            0.0000  (   0.00%)
black_box          0.0000            0.0000            0.0000            0.0000  (   0.00%)
clock_network    105.0954            0.0000            0.0000          105.0954  (  45.26%)  i
register           0.8835            0.5769        8.2927e+07           84.3870  (  36.34%)
sequential         0.0000            0.0000            0.0000            0.0000  (   0.00%)
combinational      5.1572            2.7817        3.4778e+07           42.7173  (  18.40%)
--------------------------------------------------------------------------------------------------
Total            111.1361 uW         3.3585 uW     1.1771e+08 pW       232.1997 uW
1
