 
****************************************
Report : timing
        -path full
        -delay max
        -max_paths 10
Design : vending_top
Version: X-2025.06-SP2
Date   : Fri Jul  3 11:18:42 2026
****************************************

Operating Conditions: tt1p05v25c   Library: saed32rvt_tt1p05v25c
Wire Load Model Mode: enclosed

  Startpoint: sel_item[0]
              (input port clocked by clk)
  Endpoint: u_memory/mem_reg[3][0]
            (rising edge-triggered flip-flop clocked by clk)
  Path Group: clk
  Path Type: max

  Des/Clust/Port     Wire Load Model       Library
  ------------------------------------------------
  vending_top        8000                  saed32rvt_tt1p05v25c
  memory             8000                  saed32rvt_tt1p05v25c

  Point                                                   Incr       Path
  --------------------------------------------------------------------------
  clock clk (rise edge)                                   0.00       0.00
  clock network delay (ideal)                             0.00       0.00
  input external delay                                    3.00       3.00 r
  sel_item[0] (in)                                        1.05       4.05 r
  u_memory/addr[0] (memory)                               0.00       4.05 r
  u_memory/U17/Y (MUX41X1_RVT)                            0.20       4.25 f
  u_memory/U18/Y (OR2X1_RVT)                              0.07       4.32 f
  u_memory/U21/Y (OR2X1_RVT)                              0.06       4.38 f
  u_memory/U23/Y (OR2X1_RVT)                              0.06       4.44 f
  u_memory/U25/Y (OR2X1_RVT)                              0.06       4.50 f
  u_memory/U8/Y (NOR2X0_RVT)                              0.06       4.56 r
  u_memory/U27/Y (NAND2X0_RVT)                            0.03       4.59 f
  u_memory/U28/Y (NAND2X0_RVT)                            0.05       4.65 r
  u_memory/U29/Y (AO21X1_RVT)                             0.07       4.71 r
  u_memory/U31/Y (INVX0_RVT)                              0.07       4.78 f
  u_memory/U32/Y (AND2X1_RVT)                             0.07       4.85 f
  u_memory/U33/Y (AO22X1_RVT)                             0.05       4.90 f
  u_memory/mem_reg[3][0]/D (DFFX1_RVT)                    0.01       4.92 f
  data arrival time                                                  4.92

  clock clk (rise edge)                                  10.00      10.00
  clock network delay (ideal)                             0.00      10.00
  clock uncertainty                                      -0.50       9.50
  u_memory/mem_reg[3][0]/CLK (DFFX1_RVT)                  0.00       9.50 r
  library setup time                                     -0.02       9.48
  data required time                                                 9.48
  --------------------------------------------------------------------------
  data required time                                                 9.48
  data arrival time                                                 -4.92
  --------------------------------------------------------------------------
  slack (MET)                                                        4.56


  Startpoint: sel_item[0]
              (input port clocked by clk)
  Endpoint: u_memory/mem_reg[1][1]
            (rising edge-triggered flip-flop clocked by clk)
  Path Group: clk
  Path Type: max

  Des/Clust/Port     Wire Load Model       Library
  ------------------------------------------------
  vending_top        8000                  saed32rvt_tt1p05v25c
  memory             8000                  saed32rvt_tt1p05v25c

  Point                                                   Incr       Path
  --------------------------------------------------------------------------
  clock clk (rise edge)                                   0.00       0.00
  clock network delay (ideal)                             0.00       0.00
  input external delay                                    3.00       3.00 r
  sel_item[0] (in)                                        1.05       4.05 r
  u_memory/addr[0] (memory)                               0.00       4.05 r
  u_memory/U17/Y (MUX41X1_RVT)                            0.20       4.25 f
  u_memory/U18/Y (OR2X1_RVT)                              0.07       4.32 f
  u_memory/U21/Y (OR2X1_RVT)                              0.06       4.38 f
  u_memory/U23/Y (OR2X1_RVT)                              0.06       4.44 f
  u_memory/U25/Y (OR2X1_RVT)                              0.06       4.50 f
  u_memory/U8/Y (NOR2X0_RVT)                              0.06       4.56 r
  u_memory/U27/Y (NAND2X0_RVT)                            0.03       4.59 f
  u_memory/U28/Y (NAND2X0_RVT)                            0.05       4.65 r
  u_memory/U101/Y (AO21X1_RVT)                            0.07       4.71 r
  u_memory/U102/Y (INVX0_RVT)                             0.07       4.79 f
  u_memory/U104/Y (AND2X1_RVT)                            0.07       4.86 f
  u_memory/U105/Y (AO22X1_RVT)                            0.05       4.90 f
  u_memory/mem_reg[1][1]/D (DFFX1_RVT)                    0.01       4.92 f
  data arrival time                                                  4.92

  clock clk (rise edge)                                  10.00      10.00
  clock network delay (ideal)                             0.00      10.00
  clock uncertainty                                      -0.50       9.50
  u_memory/mem_reg[1][1]/CLK (DFFX1_RVT)                  0.00       9.50 r
  library setup time                                     -0.02       9.48
  data required time                                                 9.48
  --------------------------------------------------------------------------
  data required time                                                 9.48
  data arrival time                                                 -4.92
  --------------------------------------------------------------------------
  slack (MET)                                                        4.56


  Startpoint: sel_item[0]
              (input port clocked by clk)
  Endpoint: u_memory/mem_reg[1][3]
            (rising edge-triggered flip-flop clocked by clk)
  Path Group: clk
  Path Type: max

  Des/Clust/Port     Wire Load Model       Library
  ------------------------------------------------
  vending_top        8000                  saed32rvt_tt1p05v25c
  memory             8000                  saed32rvt_tt1p05v25c

  Point                                                   Incr       Path
  --------------------------------------------------------------------------
  clock clk (rise edge)                                   0.00       0.00
  clock network delay (ideal)                             0.00       0.00
  input external delay                                    3.00       3.00 r
  sel_item[0] (in)                                        1.05       4.05 r
  u_memory/addr[0] (memory)                               0.00       4.05 r
  u_memory/U17/Y (MUX41X1_RVT)                            0.20       4.25 f
  u_memory/U18/Y (OR2X1_RVT)                              0.07       4.32 f
  u_memory/U21/Y (OR2X1_RVT)                              0.06       4.38 f
  u_memory/U23/Y (OR2X1_RVT)                              0.06       4.44 f
  u_memory/U25/Y (OR2X1_RVT)                              0.06       4.50 f
  u_memory/U8/Y (NOR2X0_RVT)                              0.06       4.56 r
  u_memory/U27/Y (NAND2X0_RVT)                            0.03       4.59 f
  u_memory/U28/Y (NAND2X0_RVT)                            0.05       4.65 r
  u_memory/U101/Y (AO21X1_RVT)                            0.07       4.71 r
  u_memory/U102/Y (INVX0_RVT)                             0.07       4.79 f
  u_memory/U104/Y (AND2X1_RVT)                            0.07       4.86 f
  u_memory/U107/Y (AO22X1_RVT)                            0.05       4.90 f
  u_memory/mem_reg[1][3]/D (DFFX1_RVT)                    0.01       4.92 f
  data arrival time                                                  4.92

  clock clk (rise edge)                                  10.00      10.00
  clock network delay (ideal)                             0.00      10.00
  clock uncertainty                                      -0.50       9.50
  u_memory/mem_reg[1][3]/CLK (DFFX1_RVT)                  0.00       9.50 r
  library setup time                                     -0.02       9.48
  data required time                                                 9.48
  --------------------------------------------------------------------------
  data required time                                                 9.48
  data arrival time                                                 -4.92
  --------------------------------------------------------------------------
  slack (MET)                                                        4.56


  Startpoint: sel_item[0]
              (input port clocked by clk)
  Endpoint: u_memory/mem_reg[1][4]
            (rising edge-triggered flip-flop clocked by clk)
  Path Group: clk
  Path Type: max

  Des/Clust/Port     Wire Load Model       Library
  ------------------------------------------------
  vending_top        8000                  saed32rvt_tt1p05v25c
  memory             8000                  saed32rvt_tt1p05v25c

  Point                                                   Incr       Path
  --------------------------------------------------------------------------
  clock clk (rise edge)                                   0.00       0.00
  clock network delay (ideal)                             0.00       0.00
  input external delay                                    3.00       3.00 r
  sel_item[0] (in)                                        1.05       4.05 r
  u_memory/addr[0] (memory)                               0.00       4.05 r
  u_memory/U17/Y (MUX41X1_RVT)                            0.20       4.25 f
  u_memory/U18/Y (OR2X1_RVT)                              0.07       4.32 f
  u_memory/U21/Y (OR2X1_RVT)                              0.06       4.38 f
  u_memory/U23/Y (OR2X1_RVT)                              0.06       4.44 f
  u_memory/U25/Y (OR2X1_RVT)                              0.06       4.50 f
  u_memory/U8/Y (NOR2X0_RVT)                              0.06       4.56 r
  u_memory/U27/Y (NAND2X0_RVT)                            0.03       4.59 f
  u_memory/U28/Y (NAND2X0_RVT)                            0.05       4.65 r
  u_memory/U101/Y (AO21X1_RVT)                            0.07       4.71 r
  u_memory/U102/Y (INVX0_RVT)                             0.07       4.79 f
  u_memory/U104/Y (AND2X1_RVT)                            0.07       4.86 f
  u_memory/U108/Y (AO22X1_RVT)                            0.05       4.90 f
  u_memory/mem_reg[1][4]/D (DFFX1_RVT)                    0.01       4.92 f
  data arrival time                                                  4.92

  clock clk (rise edge)                                  10.00      10.00
  clock network delay (ideal)                             0.00      10.00
  clock uncertainty                                      -0.50       9.50
  u_memory/mem_reg[1][4]/CLK (DFFX1_RVT)                  0.00       9.50 r
  library setup time                                     -0.02       9.48
  data required time                                                 9.48
  --------------------------------------------------------------------------
  data required time                                                 9.48
  data arrival time                                                 -4.92
  --------------------------------------------------------------------------
  slack (MET)                                                        4.56


  Startpoint: sel_item[0]
              (input port clocked by clk)
  Endpoint: u_memory/mem_reg[3][2]
            (rising edge-triggered flip-flop clocked by clk)
  Path Group: clk
  Path Type: max

  Des/Clust/Port     Wire Load Model       Library
  ------------------------------------------------
  vending_top        8000                  saed32rvt_tt1p05v25c
  memory             8000                  saed32rvt_tt1p05v25c

  Point                                                   Incr       Path
  --------------------------------------------------------------------------
  clock clk (rise edge)                                   0.00       0.00
  clock network delay (ideal)                             0.00       0.00
  input external delay                                    3.00       3.00 r
  sel_item[0] (in)                                        1.05       4.05 r
  u_memory/addr[0] (memory)                               0.00       4.05 r
  u_memory/U17/Y (MUX41X1_RVT)                            0.20       4.25 f
  u_memory/U18/Y (OR2X1_RVT)                              0.07       4.32 f
  u_memory/U21/Y (OR2X1_RVT)                              0.06       4.38 f
  u_memory/U23/Y (OR2X1_RVT)                              0.06       4.44 f
  u_memory/U25/Y (OR2X1_RVT)                              0.06       4.50 f
  u_memory/U8/Y (NOR2X0_RVT)                              0.06       4.56 r
  u_memory/U27/Y (NAND2X0_RVT)                            0.03       4.59 f
  u_memory/U28/Y (NAND2X0_RVT)                            0.05       4.65 r
  u_memory/U29/Y (AO21X1_RVT)                             0.07       4.71 r
  u_memory/U31/Y (INVX0_RVT)                              0.07       4.78 f
  u_memory/U32/Y (AND2X1_RVT)                             0.07       4.85 f
  u_memory/U48/Y (AO22X1_RVT)                             0.05       4.90 f
  u_memory/mem_reg[3][2]/D (DFFX1_RVT)                    0.01       4.91 f
  data arrival time                                                  4.91

  clock clk (rise edge)                                  10.00      10.00
  clock network delay (ideal)                             0.00      10.00
  clock uncertainty                                      -0.50       9.50
  u_memory/mem_reg[3][2]/CLK (DFFX1_RVT)                  0.00       9.50 r
  library setup time                                     -0.02       9.48
  data required time                                                 9.48
  --------------------------------------------------------------------------
  data required time                                                 9.48
  data arrival time                                                 -4.91
  --------------------------------------------------------------------------
  slack (MET)                                                        4.56


  Startpoint: sel_item[0]
              (input port clocked by clk)
  Endpoint: u_memory/mem_reg[3][3]
            (rising edge-triggered flip-flop clocked by clk)
  Path Group: clk
  Path Type: max

  Des/Clust/Port     Wire Load Model       Library
  ------------------------------------------------
  vending_top        8000                  saed32rvt_tt1p05v25c
  memory             8000                  saed32rvt_tt1p05v25c

  Point                                                   Incr       Path
  --------------------------------------------------------------------------
  clock clk (rise edge)                                   0.00       0.00
  clock network delay (ideal)                             0.00       0.00
  input external delay                                    3.00       3.00 r
  sel_item[0] (in)                                        1.05       4.05 r
  u_memory/addr[0] (memory)                               0.00       4.05 r
  u_memory/U17/Y (MUX41X1_RVT)                            0.20       4.25 f
  u_memory/U18/Y (OR2X1_RVT)                              0.07       4.32 f
  u_memory/U21/Y (OR2X1_RVT)                              0.06       4.38 f
  u_memory/U23/Y (OR2X1_RVT)                              0.06       4.44 f
  u_memory/U25/Y (OR2X1_RVT)                              0.06       4.50 f
  u_memory/U8/Y (NOR2X0_RVT)                              0.06       4.56 r
  u_memory/U27/Y (NAND2X0_RVT)                            0.03       4.59 f
  u_memory/U28/Y (NAND2X0_RVT)                            0.05       4.65 r
  u_memory/U29/Y (AO21X1_RVT)                             0.07       4.71 r
  u_memory/U31/Y (INVX0_RVT)                              0.07       4.78 f
  u_memory/U32/Y (AND2X1_RVT)                             0.07       4.85 f
  u_memory/U51/Y (AO22X1_RVT)                             0.05       4.90 f
  u_memory/mem_reg[3][3]/D (DFFX1_RVT)                    0.01       4.91 f
  data arrival time                                                  4.91

  clock clk (rise edge)                                  10.00      10.00
  clock network delay (ideal)                             0.00      10.00
  clock uncertainty                                      -0.50       9.50
  u_memory/mem_reg[3][3]/CLK (DFFX1_RVT)                  0.00       9.50 r
  library setup time                                     -0.02       9.48
  data required time                                                 9.48
  --------------------------------------------------------------------------
  data required time                                                 9.48
  data arrival time                                                 -4.91
  --------------------------------------------------------------------------
  slack (MET)                                                        4.56


  Startpoint: sel_item[0]
              (input port clocked by clk)
  Endpoint: u_memory/mem_reg[3][4]
            (rising edge-triggered flip-flop clocked by clk)
  Path Group: clk
  Path Type: max

  Des/Clust/Port     Wire Load Model       Library
  ------------------------------------------------
  vending_top        8000                  saed32rvt_tt1p05v25c
  memory             8000                  saed32rvt_tt1p05v25c

  Point                                                   Incr       Path
  --------------------------------------------------------------------------
  clock clk (rise edge)                                   0.00       0.00
  clock network delay (ideal)                             0.00       0.00
  input external delay                                    3.00       3.00 r
  sel_item[0] (in)                                        1.05       4.05 r
  u_memory/addr[0] (memory)                               0.00       4.05 r
  u_memory/U17/Y (MUX41X1_RVT)                            0.20       4.25 f
  u_memory/U18/Y (OR2X1_RVT)                              0.07       4.32 f
  u_memory/U21/Y (OR2X1_RVT)                              0.06       4.38 f
  u_memory/U23/Y (OR2X1_RVT)                              0.06       4.44 f
  u_memory/U25/Y (OR2X1_RVT)                              0.06       4.50 f
  u_memory/U8/Y (NOR2X0_RVT)                              0.06       4.56 r
  u_memory/U27/Y (NAND2X0_RVT)                            0.03       4.59 f
  u_memory/U28/Y (NAND2X0_RVT)                            0.05       4.65 r
  u_memory/U29/Y (AO21X1_RVT)                             0.07       4.71 r
  u_memory/U31/Y (INVX0_RVT)                              0.07       4.78 f
  u_memory/U32/Y (AND2X1_RVT)                             0.07       4.85 f
  u_memory/U54/Y (AO22X1_RVT)                             0.05       4.90 f
  u_memory/mem_reg[3][4]/D (DFFX1_RVT)                    0.01       4.91 f
  data arrival time                                                  4.91

  clock clk (rise edge)                                  10.00      10.00
  clock network delay (ideal)                             0.00      10.00
  clock uncertainty                                      -0.50       9.50
  u_memory/mem_reg[3][4]/CLK (DFFX1_RVT)                  0.00       9.50 r
  library setup time                                     -0.02       9.48
  data required time                                                 9.48
  --------------------------------------------------------------------------
  data required time                                                 9.48
  data arrival time                                                 -4.91
  --------------------------------------------------------------------------
  slack (MET)                                                        4.56


  Startpoint: sel_item[0]
              (input port clocked by clk)
  Endpoint: u_memory/mem_reg[0][1]
            (rising edge-triggered flip-flop clocked by clk)
  Path Group: clk
  Path Type: max

  Des/Clust/Port     Wire Load Model       Library
  ------------------------------------------------
  vending_top        8000                  saed32rvt_tt1p05v25c
  memory             8000                  saed32rvt_tt1p05v25c

  Point                                                   Incr       Path
  --------------------------------------------------------------------------
  clock clk (rise edge)                                   0.00       0.00
  clock network delay (ideal)                             0.00       0.00
  input external delay                                    3.00       3.00 r
  sel_item[0] (in)                                        1.05       4.05 r
  u_memory/addr[0] (memory)                               0.00       4.05 r
  u_memory/U17/Y (MUX41X1_RVT)                            0.20       4.25 f
  u_memory/U18/Y (OR2X1_RVT)                              0.07       4.32 f
  u_memory/U21/Y (OR2X1_RVT)                              0.06       4.38 f
  u_memory/U23/Y (OR2X1_RVT)                              0.06       4.44 f
  u_memory/U25/Y (OR2X1_RVT)                              0.06       4.50 f
  u_memory/U8/Y (NOR2X0_RVT)                              0.06       4.56 r
  u_memory/U27/Y (NAND2X0_RVT)                            0.03       4.59 f
  u_memory/U28/Y (NAND2X0_RVT)                            0.05       4.65 r
  u_memory/U11/Y (AO21X1_RVT)                             0.07       4.71 r
  u_memory/U118/Y (INVX0_RVT)                             0.07       4.78 f
  u_memory/U120/Y (AND2X1_RVT)                            0.07       4.85 f
  u_memory/U121/Y (AO22X1_RVT)                            0.04       4.90 f
  u_memory/mem_reg[0][1]/D (DFFX1_RVT)                    0.01       4.91 f
  data arrival time                                                  4.91

  clock clk (rise edge)                                  10.00      10.00
  clock network delay (ideal)                             0.00      10.00
  clock uncertainty                                      -0.50       9.50
  u_memory/mem_reg[0][1]/CLK (DFFX1_RVT)                  0.00       9.50 r
  library setup time                                     -0.02       9.48
  data required time                                                 9.48
  --------------------------------------------------------------------------
  data required time                                                 9.48
  data arrival time                                                 -4.91
  --------------------------------------------------------------------------
  slack (MET)                                                        4.57


  Startpoint: sel_item[0]
              (input port clocked by clk)
  Endpoint: u_memory/mem_reg[0][3]
            (rising edge-triggered flip-flop clocked by clk)
  Path Group: clk
  Path Type: max

  Des/Clust/Port     Wire Load Model       Library
  ------------------------------------------------
  vending_top        8000                  saed32rvt_tt1p05v25c
  memory             8000                  saed32rvt_tt1p05v25c

  Point                                                   Incr       Path
  --------------------------------------------------------------------------
  clock clk (rise edge)                                   0.00       0.00
  clock network delay (ideal)                             0.00       0.00
  input external delay                                    3.00       3.00 r
  sel_item[0] (in)                                        1.05       4.05 r
  u_memory/addr[0] (memory)                               0.00       4.05 r
  u_memory/U17/Y (MUX41X1_RVT)                            0.20       4.25 f
  u_memory/U18/Y (OR2X1_RVT)                              0.07       4.32 f
  u_memory/U21/Y (OR2X1_RVT)                              0.06       4.38 f
  u_memory/U23/Y (OR2X1_RVT)                              0.06       4.44 f
  u_memory/U25/Y (OR2X1_RVT)                              0.06       4.50 f
  u_memory/U8/Y (NOR2X0_RVT)                              0.06       4.56 r
  u_memory/U27/Y (NAND2X0_RVT)                            0.03       4.59 f
  u_memory/U28/Y (NAND2X0_RVT)                            0.05       4.65 r
  u_memory/U11/Y (AO21X1_RVT)                             0.07       4.71 r
  u_memory/U118/Y (INVX0_RVT)                             0.07       4.78 f
  u_memory/U120/Y (AND2X1_RVT)                            0.07       4.85 f
  u_memory/U123/Y (AO22X1_RVT)                            0.04       4.90 f
  u_memory/mem_reg[0][3]/D (DFFX1_RVT)                    0.01       4.91 f
  data arrival time                                                  4.91

  clock clk (rise edge)                                  10.00      10.00
  clock network delay (ideal)                             0.00      10.00
  clock uncertainty                                      -0.50       9.50
  u_memory/mem_reg[0][3]/CLK (DFFX1_RVT)                  0.00       9.50 r
  library setup time                                     -0.02       9.48
  data required time                                                 9.48
  --------------------------------------------------------------------------
  data required time                                                 9.48
  data arrival time                                                 -4.91
  --------------------------------------------------------------------------
  slack (MET)                                                        4.57


  Startpoint: sel_item[0]
              (input port clocked by clk)
  Endpoint: u_memory/mem_reg[0][4]
            (rising edge-triggered flip-flop clocked by clk)
  Path Group: clk
  Path Type: max

  Des/Clust/Port     Wire Load Model       Library
  ------------------------------------------------
  vending_top        8000                  saed32rvt_tt1p05v25c
  memory             8000                  saed32rvt_tt1p05v25c

  Point                                                   Incr       Path
  --------------------------------------------------------------------------
  clock clk (rise edge)                                   0.00       0.00
  clock network delay (ideal)                             0.00       0.00
  input external delay                                    3.00       3.00 r
  sel_item[0] (in)                                        1.05       4.05 r
  u_memory/addr[0] (memory)                               0.00       4.05 r
  u_memory/U17/Y (MUX41X1_RVT)                            0.20       4.25 f
  u_memory/U18/Y (OR2X1_RVT)                              0.07       4.32 f
  u_memory/U21/Y (OR2X1_RVT)                              0.06       4.38 f
  u_memory/U23/Y (OR2X1_RVT)                              0.06       4.44 f
  u_memory/U25/Y (OR2X1_RVT)                              0.06       4.50 f
  u_memory/U8/Y (NOR2X0_RVT)                              0.06       4.56 r
  u_memory/U27/Y (NAND2X0_RVT)                            0.03       4.59 f
  u_memory/U28/Y (NAND2X0_RVT)                            0.05       4.65 r
  u_memory/U11/Y (AO21X1_RVT)                             0.07       4.71 r
  u_memory/U118/Y (INVX0_RVT)                             0.07       4.78 f
  u_memory/U120/Y (AND2X1_RVT)                            0.07       4.85 f
  u_memory/U124/Y (AO22X1_RVT)                            0.04       4.90 f
  u_memory/mem_reg[0][4]/D (DFFX1_RVT)                    0.01       4.91 f
  data arrival time                                                  4.91

  clock clk (rise edge)                                  10.00      10.00
  clock network delay (ideal)                             0.00      10.00
  clock uncertainty                                      -0.50       9.50
  u_memory/mem_reg[0][4]/CLK (DFFX1_RVT)                  0.00       9.50 r
  library setup time                                     -0.02       9.48
  data required time                                                 9.48
  --------------------------------------------------------------------------
  data required time                                                 9.48
  data arrival time                                                 -4.91
  --------------------------------------------------------------------------
  slack (MET)                                                        4.57


1
