Info: [VCS_SAVE_RESTORE_INFO] ASLR (Address Space Layout Randomization) is detected on the machine. To enable $save functionality, ASLR will be switched off and simv re-executed.
Please use '-no_save' simv switch to avoid this.

                           Design Compiler Graphical 
                                 DC Ultra (TM)
                                  DFTMAX (TM)
                              Power Compiler (TM)
                                 DesignWare (R)
                                 DC Expert (TM)
                               Design Vision (TM)
                               HDL Compiler (TM)
                               VHDL Compiler (TM)
                                  DFT Compiler
                               Design Compiler(R)

               Version X-2025.06-SP2 for linux64 - Aug 27, 2025 

                    Copyright (c) 1988 - 2025 Synopsys, Inc.
   This software and the associated documentation are proprietary to Synopsys,
 Inc. This software may only be used in accordance with the terms and conditions
 of a written license agreement with Synopsys, Inc. All other use, reproduction,
   or distribution of this software is strictly prohibited.  Licensed Products
     communicate with Synopsys servers for the purpose of providing software
    updates, detecting software piracy and verifying that customers are using
    Licensed Products in conformity with the applicable License Key for such
  Licensed Products. Synopsys will use information gathered in connection with
    this process to deliver software updates and pursue software pirates and
                                   infringers.

 Inclusivity & Diversity - Visit SolvNetPlus to read the "Synopsys Statement on
            Inclusivity and Diversity" (Refer to article 000036315 at
                        https://solvnetplus.synopsys.com)
Initializing...
Current time:       Fri Jul  3 11:19:21 2026
Hostname:           srv-microeletronica3
CPU Model:          INTEL(R) XEON(R) GOLD 6526Y
CPU Details:        Cores = 1 : Sockets = 1 : Cache Size = 38400 KB : Freq = 2.23 GHz
OS:                 Linux 4.18.0-553.el8_10.x86_64
RAM:                251 GB (Free  10 GB)
Swap:                15 GB (Free  15 GB)
Work Filesystem:    /home mounted to /dev/sda1
Tmp Filesystem:     / mounted to /dev/sdb2
Work Disk:          3724 GB (Free 3597 GB)
Tmp Disk:            99 GB (Free  84 GB)

CPU Load: 760%, Ram Free: 10 GB, Swap Free: 15 GB, Work Disk Free: 3597 GB, Tmp Disk Free: 84 GB
# Script de sintese - Vending Machine
# Top-level: vending_top
set TOP vending_top
vending_top
set PROJ_DIR [pwd]
/home/luciano.oliveira/grupo_NN_vending
file mkdir ${PROJ_DIR}/synth/reports
file mkdir ${PROJ_DIR}/synth/netlist
file mkdir ${PROJ_DIR}/synth/work
define_design_lib WORK -path ${PROJ_DIR}/synth/work
1
set_app_var search_path [list ${PROJ_DIR}/rtl ${PROJ_DIR}/libs]
/home/luciano.oliveira/grupo_NN_vending/rtl /home/luciano.oliveira/grupo_NN_vending/libs
set_app_var target_library [list ${PROJ_DIR}/libs/saed32rvt_tt1p05v25c.db]
/home/luciano.oliveira/grupo_NN_vending/libs/saed32rvt_tt1p05v25c.db
set_app_var link_library [concat "*" $target_library]
* /home/luciano.oliveira/grupo_NN_vending/libs/saed32rvt_tt1p05v25c.db
remove_design -all
1
analyze -format sverilog -library WORK ${PROJ_DIR}/rtl/vending_pkg.sv
Running PRESTO HDLC
Compiling source file /home/luciano.oliveira/grupo_NN_vending/rtl/vending_pkg.sv
Warning:  /home/luciano.oliveira/grupo_NN_vending/rtl/vending_pkg.sv:1: The package vending_pkg has already been analyzed. It is being replaced. (VER-26)
Presto compilation completed successfully.
Loading db file '/home/luciano.oliveira/grupo_NN_vending/libs/saed32rvt_tt1p05v25c.db'
1
analyze -format sverilog -library WORK ${PROJ_DIR}/rtl/comparator.sv
Running PRESTO HDLC
Compiling source file /home/luciano.oliveira/grupo_NN_vending/rtl/comparator.sv
Presto compilation completed successfully.
1
analyze -format sverilog -library WORK ${PROJ_DIR}/rtl/subtractor.sv
Running PRESTO HDLC
Compiling source file /home/luciano.oliveira/grupo_NN_vending/rtl/subtractor.sv
Presto compilation completed successfully.
1
analyze -format sverilog -library WORK ${PROJ_DIR}/rtl/credit_reg.sv
Running PRESTO HDLC
Compiling source file /home/luciano.oliveira/grupo_NN_vending/rtl/credit_reg.sv
Presto compilation completed successfully.
1
analyze -format sverilog -library WORK ${PROJ_DIR}/rtl/memory.sv
Running PRESTO HDLC
Compiling source file /home/luciano.oliveira/grupo_NN_vending/rtl/memory.sv
Presto compilation completed successfully.
1
analyze -format sverilog -library WORK ${PROJ_DIR}/rtl/control_unit.sv
Running PRESTO HDLC
Compiling source file /home/luciano.oliveira/grupo_NN_vending/rtl/control_unit.sv
Presto compilation completed successfully.
1
analyze -format sverilog -library WORK ${PROJ_DIR}/rtl/vending_top.sv
Running PRESTO HDLC
Compiling source file /home/luciano.oliveira/grupo_NN_vending/rtl/vending_top.sv
Presto compilation completed successfully.
1
elaborate $TOP -library WORK
Loading db file '/Tools/synopsys/syn/X-2025.06-SP2/libraries/syn/gtech.db'
Loading db file '/Tools/synopsys/syn/X-2025.06-SP2/libraries/syn/standard.sldb'
  Loading link library 'saed32rvt_tt1p05v25c'
  Loading link library 'gtech'
Running PRESTO HDLC

Inferred memory devices in process in routine 'vending_top' in file
	 /home/luciano.oliveira/grupo_NN_vending/rtl/vending_top.sv'.
==================================================================================
|    Register Name    |   Type    | Width | Bus | MB |  Set  | Reset | ST | Line |
==================================================================================
|     display_reg     | Flip-flop |   8   |  Y  | N  | None  | None  | N  |  85  |
|   change_out_reg    | Flip-flop |   8   |  Y  | N  | None  | None  | N  |  85  |
==================================================================================
Presto compilation completed successfully. (vending_top)
Module: vending_top, Ports: 29, Input: 8, Output: 21, Inout: 0
Module: vending_top, Registers: 16, Async set/reset: 0, Sync set/reset: 0
Information: Module vending_top report end. (ELAB-965)
Elaborated 1 design.
Current design is now 'vending_top'.
Information: Building the design 'control_unit'. (HDL-193)

Statistics for case statements in always block in file
	'/home/luciano.oliveira/grupo_NN_vending/rtl/control_unit.sv'
===========================================================
|    Line    |  full/ parallel  |      block location     |
===========================================================
|     50     |    auto/auto     | always block at line 38 |
===========================================================

Inferred memory devices in process in routine 'control_unit' in file
	 /home/luciano.oliveira/grupo_NN_vending/rtl/control_unit.sv'.
==================================================================================
|    Register Name    |   Type    | Width | Bus | MB |  Set  | Reset | ST | Line |
==================================================================================
|   check_valid_reg   | Flip-flop |   1   |  N  | N  | None  | None  | N  |  28  |
|      state_reg      | Flip-flop |   3   |  Y  | N  | None  | None  | N  |  28  |
==================================================================================
Presto compilation completed successfully. (control_unit)
Module: control_unit, Ports: 17, Input: 7, Output: 10, Inout: 0
Module: control_unit, Registers: 4, Async set/reset: 0, Sync set/reset: 0
Information: Module control_unit report end. (ELAB-965)
Information: Building the design 'credit_reg'. (HDL-193)
Warning:  /home/luciano.oliveira/grupo_NN_vending/rtl/credit_reg.sv:19: DEFAULT branch of CASE statement cannot be reached. (ELAB-311)

Statistics for case statements in always block in file
	'/home/luciano.oliveira/grupo_NN_vending/rtl/credit_reg.sv'
===========================================================
|    Line    |  full/ parallel  |      block location     |
===========================================================
|     14     |    auto/auto     | always block at line 23 |
===========================================================

Inferred memory devices in process in routine 'credit_reg' in file
	 /home/luciano.oliveira/grupo_NN_vending/rtl/credit_reg.sv'.
==================================================================================
|    Register Name    |   Type    | Width | Bus | MB |  Set  | Reset | ST | Line |
==================================================================================
|     credit_reg      | Flip-flop |   8   |  Y  | N  | None  | None  | N  |  23  |
==================================================================================
Presto compilation completed successfully. (credit_reg)
Module: credit_reg, Ports: 17, Input: 9, Output: 8, Inout: 0
Module: credit_reg, Registers: 8, Async set/reset: 0, Sync set/reset: 0
Information: Module credit_reg report end. (ELAB-965)
Information: Building the design 'memory'. (HDL-193)
Warning:  /home/luciano.oliveira/grupo_NN_vending/rtl/memory.sv:14: The statements in initial blocks are ignored. (VER-281)

Inferred memory devices in process in routine 'memory' in file
	 /home/luciano.oliveira/grupo_NN_vending/rtl/memory.sv'.
==================================================================================
|    Register Name    |   Type    | Width | Bus | MB |  Set  | Reset | ST | Line |
==================================================================================
|      stock_reg      | Flip-flop |   8   |  Y  | N  | None  | None  | N  |  20  |
|       mem_reg       | Flip-flop |  64   |  Y  | N  | None  | None  | N  |  20  |
|      price_reg      | Flip-flop |   8   |  Y  | N  | None  | None  | N  |  20  |
==================================================================================
Statistics for MUX_OPs
======================================================
| block name/line  | Inputs | Outputs | # sel inputs |
======================================================
|    memory/32     |   4    |   16    |      2       |
======================================================
Presto compilation completed successfully. (memory)
Module: memory, Ports: 22, Input: 6, Output: 16, Inout: 0
Module: memory, Registers: 80, Async set/reset: 0, Sync set/reset: 0
Information: Module memory report end. (ELAB-965)
Information: Building the design 'comparator'. (HDL-193)
Presto compilation completed successfully. (comparator)
Module: comparator, Ports: 25, Input: 24, Output: 1, Inout: 0
Module: comparator, Registers: 0, Async set/reset: 0, Sync set/reset: 0
Information: Module comparator report end. (ELAB-965)
Information: Building the design 'subtractor'. (HDL-193)
Presto compilation completed successfully. (subtractor)
Module: subtractor, Ports: 24, Input: 16, Output: 8, Inout: 0
Module: subtractor, Registers: 0, Async set/reset: 0, Sync set/reset: 0
Information: Module subtractor report end. (ELAB-965)
1
current_design $TOP
Current design is 'vending_top'.
{vending_top}
link

  Linking design 'vending_top'
  Using the following designs and libraries:
  --------------------------------------------------------------------------
  * (6 designs)               /home/luciano.oliveira/grupo_NN_vending/vending_top.db, etc
  saed32rvt_tt1p05v25c (library) /home/luciano.oliveira/grupo_NN_vending/libs/saed32rvt_tt1p05v25c.db

Information: Summary of messages issued during linking: (LINK-1806)
No messages were issued during linking.
1
check_design > ${PROJ_DIR}/synth/reports/check_design.rpt
read_sdc ${PROJ_DIR}/synth/vending.sdc

Reading SDC version 2.2...
1
compile_ultra -no_autoungroup
Loading db file '/Tools/synopsys/syn/X-2025.06-SP2/libraries/syn/dw_foundation.sldb'
Information: Failed to find dw_foundation.sldb in the user defined search_path, load it from 'Synopsys Root'. (UISN-70)
Warning: DesignWare synthetic library dw_foundation.sldb is added to the synthetic_library in the current command. (UISN-40)
Information: Performing leakage power optimization. (PWR-850)
CPU Load: 11%, Ram Free: 10 GB, Swap Free: 15 GB, Work Disk Free: 3597 GB, Tmp Disk Free: 84 GB
Alib files are up-to-date.
Information: Evaluating DesignWare library utilization. (UISN-27)

============================================================================
| DesignWare Building Block Library  |         Version         | Available |
============================================================================
| Basic DW Building Blocks           | X-2025.06-DWBB_202506.2 |     *     |
| Licensed DW Building Blocks        | X-2025.06-DWBB_202506.2 |     *     |
============================================================================

====================================================================================================
| Flow Information                                                                                 |
----------------------------------------------------------------------------------------------------
| Flow         | Design Compiler WLM                                                               |
| Command Line | compile_ultra -no_autoungroup                                                     |
====================================================================================================
| Design Information                                      | Value                                  |
====================================================================================================
| Number of Scenarios                                     | 0                                      |
| Leaf Cell Count                                         | 247                                    |
| Number of User Hierarchies                              | 5                                      |
| Sequential Cell Count                                   | 108                                    |
| Macro Count                                             | 0                                      |
| Pad Count                                               | 0                                      |
| Number of Power Domains                                 | 0                                      |
| Number of Path Groups                                   | 2                                      |
| Number of VT Class                                      | 1                                      |
| Number of Clocks                                        | 1                                      |
| Number of Dont Touch Cells                              | 64                                     |
| Number of Dont Touch Nets                               | 0                                      |
| Number of Size Only Cells                               | 0                                      |
| Design with Target Library Subset (with clock_path)     | false  (false )                        |
| Design with UPF Data                                    | false                                  |
====================================================================================================
Information: Sequential output inversion is enabled.  SVF file must be used for formal verification. (OPT-1208)

Information: There are 5 potential problems in your design. Please run 'check_design' for more information. (LINT-99)

  Simplifying Design 'vending_top'

Loaded alib file './alib-52/saed32rvt_tt1p05v25c.db.alib'
CPU Load: 11%, Ram Free: 10 GB, Swap Free: 15 GB, Work Disk Free: 3597 GB, Tmp Disk Free: 84 GB
Information: State dependent leakage is now switched from on to off.

  Beginning Pass 1 Mapping
  ------------------------
  Processing 'memory'
Information: Added key list 'DesignWare' to design 'memory'. (DDB-72)
 Implement Synthetic for 'memory'.
  Processing 'vending_top'
  Processing 'credit_reg'
 Implement Synthetic for 'credit_reg'.
  Processing 'control_unit'
  Processing 'comparator'
 Implement Synthetic for 'comparator'.
Information: Added key list 'DesignWare' to design 'comparator'. (DDB-72)
  Processing 'subtractor'
 Implement Synthetic for 'subtractor'.
CPU Load: 11%, Ram Free: 10 GB, Swap Free: 15 GB, Work Disk Free: 3597 GB, Tmp Disk Free: 84 GB

  Updating timing information
Information: Updating design information... (UID-85)
Information: The library cell 'PMT3_RVT' in the library 'saed32rvt_tt1p05v25c' is not characterized for internal power. (PWR-536)
Information: The library cell 'PMT2_RVT' in the library 'saed32rvt_tt1p05v25c' is not characterized for internal power. (PWR-536)
Information: The library cell 'PMT1_RVT' in the library 'saed32rvt_tt1p05v25c' is not characterized for internal power. (PWR-536)
Information: The library cell 'NMT3_RVT' in the library 'saed32rvt_tt1p05v25c' is not characterized for internal power. (PWR-536)
Information: The library cell 'NMT2_RVT' in the library 'saed32rvt_tt1p05v25c' is not characterized for internal power. (PWR-536)
Information: The library cell 'NMT1_RVT' in the library 'saed32rvt_tt1p05v25c' is not characterized for internal power. (PWR-536)
Information: The target library(s) contains cell(s), other than black boxes, that are not characterized for internal power. (PWR-24)
Information: Complementing port 'rst' in design 'control_unit'.
	 The new name of the port is 'rst_BAR'. (OPT-319)
Information: Complementing port 'rst' in design 'credit_reg'.
	 The new name of the port is 'rst_BAR'. (OPT-319)
Information: Complementing port 'rst' in design 'memory'.
	 The new name of the port is 'rst_BAR'. (OPT-319)

Threshold voltage group cell usage:
>> saed32cell_svt 100.00%

  Beginning Mapping Optimizations  (Ultra High effort)
  -------------------------------
Information: Added key list 'DesignWare' to design 'subtractor'. (DDB-72)
  Mapping Optimization (Phase 1)
Information: Added key list 'DesignWare' to design 'credit_reg'. (DDB-72)
Information: The register 'u_memory/mem_reg[3][10]' is a constant and will be removed. (OPT-1206)
Information: The register 'u_memory/mem_reg[3][13]' is a constant and will be removed. (OPT-1206)
Information: The register 'u_memory/mem_reg[3][14]' is a constant and will be removed. (OPT-1206)
Information: The register 'u_memory/mem_reg[2][8]' is a constant and will be removed. (OPT-1206)
Information: The register 'u_memory/mem_reg[2][9]' is a constant and will be removed. (OPT-1206)
Information: The register 'u_memory/mem_reg[2][11]' is a constant and will be removed. (OPT-1206)
Information: The register 'u_memory/mem_reg[2][14]' is a constant and will be removed. (OPT-1206)
Information: The register 'u_memory/mem_reg[1][9]' is a constant and will be removed. (OPT-1206)
Information: The register 'u_memory/mem_reg[1][12]' is a constant and will be removed. (OPT-1206)
Information: The register 'u_memory/mem_reg[1][13]' is a constant and will be removed. (OPT-1206)
Information: The register 'u_memory/mem_reg[0][8]' is a constant and will be removed. (OPT-1206)
Information: The register 'u_memory/mem_reg[0][11]' is a constant and will be removed. (OPT-1206)
Information: The register 'u_memory/mem_reg[0][12]' is a constant and will be removed. (OPT-1206)

                                  TOTAL                                                
   ELAPSED            WORST NEG   SETUP    DESIGN                              LEAKAGE 
    TIME      AREA      SLACK     COST    RULE COST         ENDPOINT            POWER  
  --------- --------- --------- --------- --------- ------------------------- ---------
    0:00:03    1972.2      0.63      40.1       0.0                           307513888.0000
    0:00:03    1958.9      0.65      40.8       0.0                           305807872.0000

Threshold voltage group cell usage:
>> saed32cell_svt 100.00%

  Beginning Constant Register Removal
  -----------------------------------
Information: The register 'u_memory/mem_reg[3][7]' is a constant and will be removed. (OPT-1206)
Information: The register 'u_memory/mem_reg[1][7]' is a constant and will be removed. (OPT-1206)
Information: The register 'u_memory/mem_reg[0][7]' is a constant and will be removed. (OPT-1206)
Information: The register 'u_memory/mem_reg[2][7]' is a constant and will be removed. (OPT-1206)
Information: The register 'u_memory/stock_reg[7]' is a constant and will be removed. (OPT-1206)

Threshold voltage group cell usage:
>> saed32cell_svt 100.00%

  Beginning Global Optimizations
  ------------------------------
  Numerical Synthesis (Phase 1)
  Numerical Synthesis (Phase 2)
  Global Optimization (Phase 1)
  Global Optimization (Phase 2)
  Global Optimization (Phase 3)
  Global Optimization (Phase 4)
  Global Optimization (Phase 5)
  Global Optimization (Phase 6)
  Global Optimization (Phase 7)
  Global Optimization (Phase 8)
  Global Optimization (Phase 9)
  Global Optimization (Phase 10)
  Global Optimization (Phase 11)
  Global Optimization (Phase 12)
  Global Optimization (Phase 13)
  Global Optimization (Phase 14)
  Global Optimization (Phase 15)
  Global Optimization (Phase 16)
  Global Optimization (Phase 17)
  Global Optimization (Phase 18)
  Global Optimization (Phase 19)
  Global Optimization (Phase 20)
  Global Optimization (Phase 21)
  Global Optimization (Phase 22)
  Global Optimization (Phase 23)
  Global Optimization (Phase 24)
  Global Optimization (Phase 25)
  Global Optimization (Phase 26)
  Global Optimization (Phase 27)
  Global Optimization (Phase 28)
  Global Optimization (Phase 29)
  Global Optimization (Phase 30)
  Global Optimization (Phase 31)

Threshold voltage group cell usage:
>> saed32cell_svt 100.00%

  Beginning Isolate Ports
  -----------------------

Threshold voltage group cell usage:
>> saed32cell_svt 100.00%

  Beginning Delay Optimization
  ----------------------------
    0:00:03    1594.0      0.51      28.5       5.3                           204763584.0000
    0:00:04    1650.4      0.29      18.6       5.3                           227316208.0000
    0:00:04    1650.4      0.29      18.6       5.3                           227316208.0000
    0:00:04    1646.1      0.29      18.6       5.3                           227018960.0000

Threshold voltage group cell usage:
>> saed32cell_svt 100.00%
Information: The register 'u_memory/mem_reg[3][6]' is a constant and will be removed. (OPT-1206)
Information: The register 'u_memory/mem_reg[1][6]' is a constant and will be removed. (OPT-1206)
Information: The register 'u_memory/mem_reg[0][6]' is a constant and will be removed. (OPT-1206)
Information: The register 'u_memory/mem_reg[2][6]' is a constant and will be removed. (OPT-1206)
Information: The register 'u_memory/stock_reg[6]' is a constant and will be removed. (OPT-1206)
    0:00:04    1567.8      0.29      18.2       2.4                           215402496.0000
    0:00:04    1554.1      0.28      15.7       2.4                           213427760.0000

  Beginning WLM Backend Optimization
  --------------------------------------
    0:00:04    1531.0      0.28      15.4       2.4                           208466848.0000
    0:00:05    1525.1      0.27      15.3       2.4                           204563936.0000
    0:00:05    1525.1      0.27      15.3       2.4                           204563936.0000
    0:00:05    1525.1      0.27      15.3       2.4                           204563936.0000
    0:00:05    1525.1      0.27      15.3       2.4                           204563936.0000
    0:00:05    1516.7      0.27      15.4       0.0                           200983584.0000
    0:00:05    1516.7      0.27      15.4       0.0                           200983584.0000
    0:00:06    1578.5      0.23      14.0       0.0                           216681200.0000
    0:00:06    1578.5      0.23      14.0       0.0                           216681200.0000
    0:00:06    1578.5      0.23      14.0       0.0                           216681200.0000
    0:00:06    1578.5      0.23      14.0       0.0                           216901200.0000
    0:00:06    1576.5      0.23      14.0       0.0                           216138736.0000
    0:00:06    1587.6      0.23      14.0       0.0                           220402432.0000
    0:00:06    1589.7      0.23      14.1       0.0                           220231360.0000
    0:00:06    1587.1      0.23      14.0       0.0                           219370992.0000
    0:00:06    1588.9      0.22      14.0       0.0                           220567104.0000
    0:00:06    1590.9      0.22      14.0       0.0                           221080640.0000
    0:00:06    1583.8      0.24      14.1       3.0                           219108112.0000
    0:00:06    1585.9      0.24      14.1       3.0                           220413776.0000
    0:00:06    1585.9      0.24      14.1       3.0                           220413776.0000
    0:00:06    1585.9      0.22      14.0       0.0                           220633792.0000
    0:00:06    1585.4      0.22      14.0       0.0                           220307376.0000
    0:00:06    1590.7      0.22      13.9       0.0                           222359952.0000
    0:00:06    1590.7      0.22      13.9       0.0                           222359952.0000
    0:00:06    1590.9      0.22      13.8       0.0                           223091280.0000
    0:00:06    1590.9      0.22      13.8       0.0                           223091280.0000
    0:00:07    1590.9      0.22      13.8       0.0                           223091280.0000
    0:00:07    1590.9      0.22      13.8       0.0                           223091280.0000
    0:00:07    1590.9      0.22      13.8       0.0                           223091280.0000
    0:00:07    1589.4      0.21      13.1       0.0                           219313808.0000
    0:00:07    1557.1      0.21      13.2       0.0                           204860832.0000
    0:00:07    1557.1      0.21      13.2       0.0                           204860832.0000
    0:00:08    1559.2      0.21      13.1       0.0                           205374368.0000
    0:00:08    1559.2      0.21      13.1       0.0                           205374368.0000
    0:00:08    1559.2      0.21      13.1       0.0                           205374368.0000
    0:00:08    1559.2      0.21      13.1       0.0                           205348832.0000
    0:00:08    1556.9      0.21      13.1       0.0                           206065248.0000
    0:00:08    1556.9      0.20      13.0       0.0                           206065248.0000
    0:00:08    1556.9      0.20      13.0       0.0                           206065248.0000
    0:00:08    1556.9      0.20      13.0       0.0                           205845232.0000
    0:00:08    1556.9      0.20      13.0       0.0                           205845232.0000
    0:00:08    1556.9      0.20      13.0       0.0                           205845232.0000
    0:00:08    1556.9      0.20      13.0       0.0                           205845232.0000
    0:00:08    1556.9      0.20      13.0       0.0                           205845232.0000
    0:00:08    1556.9      0.20      13.0       0.0                           205845232.0000
    0:00:08    1561.2      0.20      13.0       0.0                           206542576.0000
    0:00:08    1564.3      0.20      13.0       0.0                           206596256.0000
    0:00:08    1559.2      0.20      12.9       0.0                           206443264.0000
    0:00:08    1559.2      0.20      12.9       0.0                           206443264.0000
    0:00:08    1559.2      0.20      12.9       0.0                           206443264.0000
    0:00:08    1559.2      0.20      12.9       0.0                           206219856.0000
    0:00:08    1559.7      0.20      12.9       0.0                           206546272.0000
    0:00:08    1559.7      0.20      12.9       0.0                           206546272.0000
    0:00:08    1559.7      0.20      12.9       0.0                           206546272.0000
    0:00:08    1559.7      0.20      12.9       0.0                           206546272.0000
    0:00:09    1559.7      0.20      12.9       0.0                           206546272.0000
Information: The register 'u_memory/mem_reg[3][5]' is a constant and will be removed. (OPT-1206)
Information: The register 'u_memory/mem_reg[0][5]' is a constant and will be removed. (OPT-1206)
Information: The register 'u_memory/mem_reg[1][5]' is a constant and will be removed. (OPT-1206)
Information: The register 'u_memory/mem_reg[2][5]' is a constant and will be removed. (OPT-1206)
Information: The register 'u_memory/stock_reg[5]' is a constant and will be removed. (OPT-1206)

                                  TOTAL                                                
   ELAPSED            WORST NEG   SETUP    DESIGN                              LEAKAGE 
    TIME      AREA      SLACK     COST    RULE COST         ENDPOINT            POWER  
  --------- --------- --------- --------- --------- ------------------------- ---------
    0:00:09    1486.5      0.20      12.7       0.0                           196964320.0000
    0:00:09    1480.9      0.20      12.2       0.0                           193601264.0000
    0:00:09    1480.9      0.20      12.2       0.0                           193601264.0000
    0:00:09    1480.6      0.20      12.0       0.0                           193520064.0000
    0:00:09    1477.1      0.20      11.9       0.0                           191107504.0000
    0:00:09    1477.1      0.20      11.9       0.0                           191107504.0000
    0:00:09    1478.6      0.19      11.9       0.0                           191999040.0000
    0:00:09    1479.1      0.19      11.9       0.0                           192325456.0000
    0:00:09    1479.1      0.19      11.9       0.0                           192325456.0000
    0:00:09    1479.1      0.19      11.9       0.0                           192325456.0000
    0:00:09    1479.1      0.19      11.9       0.0                           192325456.0000
    0:00:09    1478.6      0.19      11.8       0.0                           191893264.0000
    0:00:09    1478.6      0.19      11.8       0.0                           191893264.0000
    0:00:09    1478.6      0.19      11.8       0.0                           191893264.0000
    0:00:09    1462.3      0.19      11.8       0.0                           182743968.0000
CPU Load: 12%, Ram Free: 10 GB, Swap Free: 15 GB, Work Disk Free: 3597 GB, Tmp Disk Free: 84 GB
Loading db file '/home/luciano.oliveira/grupo_NN_vending/libs/saed32rvt_tt1p05v25c.db'


Note: Symbol # after min delay cost means estimated hold TNS across all active scenarios 


  Optimization Complete
  ---------------------
Information: State dependent leakage is now switched from off to on.
Information: Propagating switching activity (low effort zero delay simulation). (PWR-6)
CPU Load: 12%, Ram Free: 10 GB, Swap Free: 15 GB, Work Disk Free: 3597 GB, Tmp Disk Free: 84 GB
Information: Total number of MV cells in the design.
----------------------------------------------------------------------------------------------------
 MV Cells                                           Total Number                                   
----------------------------------------------------------------------------------------------------
 Level Shifter:                                     0                                             
 Enable Level Shifter:                              0                                             
 Isolation Cell:                                    0                                             
 Retention Cell:                                    0                                             
 Retention Clamp Cell:                              0                                             
 Switch Cell:                                       0                                             
 Always-On Cell:                                    0                                             
 Repeater Cell:                                     0                                             

----------------------------------------------------------------------------------------------------
Unmapped MV Cells 
----------------------------------------------------------------------------------------------------
0 Isolation Cells are unmapped 
0 Retention Clamp Cells are unmapped 
----------------------------------------------------------------------------------------------------
1
report_area > ${PROJ_DIR}/synth/reports/area.rpt
report_timing -max_paths 10 -delay_type max > ${PROJ_DIR}/synth/reports/timing.rpt
report_power > ${PROJ_DIR}/synth/reports/power.rpt
report_constraint -all_violators > ${PROJ_DIR}/synth/reports/constraint.rpt
write -format verilog -hierarchy -output ${PROJ_DIR}/synth/netlist/vending_top_netlist.v
Writing verilog file '/home/luciano.oliveira/grupo_NN_vending/synth/netlist/vending_top_netlist.v'.
Warning: Verilog 'assign' or 'tran' statements are written out. (VO-4)
Warning: Changed wire name state_out[0] to state_out_0 in module vending_top.  Please use the change_names command to make the correct changes before invoking the verilog writer. (VO-2)
Warning: Changed wire name state_out[2] to state_out_2 in module vending_top.  Please use the change_names command to make the correct changes before invoking the verilog writer. (VO-2)
Warning: Verilog writer has added 2 nets to module vending_top using SYNOPSYS_UNCONNECTED_ as prefix.  Please use the change_names command to make the correct changes before invoking the verilog writer.  (VO-11)
1
write_sdc ${PROJ_DIR}/synth/netlist/vending_top_mapped.sdc
1
quit

Memory usage for this session 236 Mbytes.
Memory usage for this session including child processes 236 Mbytes.
CPU usage for this session 16 seconds ( 0.00 hours ).
Elapsed time for this session 16 seconds ( 0.00 hours ).

Thank you...
